******************************************************************************
                  TI ARM Linker Unix v15.12.1                  
******************************************************************************
>> Linked Sun May 29 16:21:33 2016

OUTPUT FILE NAME:   <DirectConversionVNA.out>
ENTRY POINT SYMBOL: "_c_int00"  address: 000051d5


MEMORY CONFIGURATION

         name            origin    length      used     unused   attr    fill
----------------------  --------  ---------  --------  --------  ----  --------
  MAIN                  00000000   00040000  0000590e  0003a6f2  R  X
  INFO                  00200000   00004000  00000000  00004000  R  X
  SRAM_CODE             01000000   00010000  00000000  00010000  RW X
  SRAM_DATA             20000000   00010000  00000630  0000f9d0  RW  


SEGMENT ALLOCATION MAP

run origin  load origin   length   init length attrs members
----------  ----------- ---------- ----------- ----- -------
00000000    00000000    00005914   00005914    r-x
  00000000    00000000    00000140   00000140    r-- .intvecs
  00000140    00000140    000052be   000052be    r-x .text
  00005400    00005400    0000048c   0000048c    r-- .const
  00005890    00005890    00000084   00000084    r-- .cinit
20000000    20000000    00000230   00000000    rw-
  20000000    20000000    000000e4   00000000    rw- .vtable
  200000e4    200000e4    000000e8   00000000    rw- .bss
  200001cc    200001cc    00000064   00000000    rw- .data
2000fc00    2000fc00    00000400   00000000    rw-
  2000fc00    2000fc00    00000400   00000000    rw- .stack


SECTION ALLOCATION MAP

 output                                  attributes/
section   page    origin      length       input sections
--------  ----  ----------  ----------   ----------------
.intvecs   0    00000000    00000140     
                  00000000    00000140     startup_msp432p401r_ccs.obj (.intvecs:retain)

.text      0    00000140    000052be     
                  00000140    00000d7c     cs.obj (.text)
                  00000ebc    00000ca8     main.obj (.text)
                  00001b64    000008e0     adc14.obj (.text)
                  00002444    000008a4     spi.obj (.text)
                  00002ce8    000007a8     i2c.obj (.text)
                  00003490    00000480     gpio.obj (.text)
                  00003910    0000041c     uart.obj (.text)
                  00003d2c    000003f0     interrupt.obj (.text)
                  0000411c    00000348     system_msp432p401r.obj (.text)
                  00004464    00000244     printf.obj (.text)
                  000046a8    00000244     sysctl.obj (.text)
                  000048ec    0000021e     rtsv7M4_T_le_v4SPD16_eabi.lib : ll_div_t2.obj (.text)
                  00004b0a    000001b6                                   : fd_add_t2.obj (.text)
                  00004cc0    000000f8                                   : s_floor.obj (.text)
                  00004db8    000000c0                                   : s_round.obj (.text)
                  00004e78    0000009c                                   : memcpy_t2.obj (.text)
                  00004f14    00000086                                   : fd_cmp_t2.obj (.text:__aeabi_cdcmple)
                  00004f9a    00000086                                   : fd_cmp_t2.obj (.text:__aeabi_cdrcmple)
                  00005020    0000007a                                   : memset_t2.obj (.text)
                  0000509a    00000002                                   : l_div0.obj (.text)
                  0000509c    00000070                                   : autoinit.obj (.text)
                  0000510c    0000006a                                   : copy_decompress_rle.obj (.text)
                  00005176    0000005c                                   : fd_toull_t2.obj (.text)
                  000051d2    00000002                                   : mpu_init.obj (.text)
                  000051d4    00000054                                   : boot.obj (.text)
                  00005228    00000054                                   : exit.obj (.text)
                  0000527c    0000004c                                   : atoi.obj (.text)
                  000052c8    0000004c                                   : cpy_tbl.obj (.text)
                  00005314    00000040                                   : ll_tofd_t2.obj (.text)
                  00005354    0000003e     cpu.obj (.text)
                  00005392    00000002     rtsv7M4_T_le_v4SPD16_eabi.lib : startup.obj (.text)
                  00005394    00000018                                   : args_main.obj (.text)
                  000053ac    00000014                                   : _lock.obj (.text)
                  000053c0    00000014                                   : strlen.obj (.text)
                  000053d4    00000012     startup_msp432p401r_ccs.obj (.text)
                  000053e6    0000000e     rtsv7M4_T_le_v4SPD16_eabi.lib : copy_decompress_none.obj (.text:decompress:none)
                  000053f4    00000006                                   : copy_decompress_rle.obj (.text:decompress:rle24)
                  000053fa    00000004                                   : pre_init.obj (.text)

.const     0    00005400    0000048c     
                  00005400    000001d0     main.obj (.const:versaClockRegisters)
                  000055d0    00000101     rtsv7M4_T_le_v4SPD16_eabi.lib : ctype.obj (.const:.string:_ctypes_)
                  000056d1    00000001     main.obj (.const)
                  000056d2    00000002     --HOLE-- [fill = 0]
                  000056d4    00000080     adc14.obj (.const:_ctlRegs)
                  00005754    00000050     interrupt.obj (.const:g_pulRegs)
                  000057a4    00000028     printf.obj (.const:dv)
                  000057cc    00000024     main.obj (.const:uartConfig)
                  000057f0    00000020     interrupt.obj (.const:g_pulPriority)
                  00005810    0000001c     gpio.obj (.const:GPIO_PORT_TO_INT)
                  0000582c    0000001c     main.obj (.const:spiMasterConfig)
                  00005848    00000014     main.obj (.const:i2cConfig)
                  0000585c    00000010     printf.obj (.const:.string:hex$1)
                  0000586c    00000008     interrupt.obj (.const:g_pulDisRegs)
                  00005874    00000008     interrupt.obj (.const:g_pulEnRegs)
                  0000587c    00000008     interrupt.obj (.const:g_pulPendRegs)
                  00005884    00000008     interrupt.obj (.const:g_pulUnpendRegs)

.cinit     0    00005890    00000084     
                  00005890    00000048     (.cinit..data.load) [load image, compression = rle]
                  000058d8    00000009     (.cinit..bss.load) [load image, compression = rle]
                  000058e1    00000007     --HOLE-- [fill = 0]
                  000058e8    00000009     (.cinit..vtable.load) [load image, compression = rle]
                  000058f1    00000003     --HOLE-- [fill = 0]
                  000058f4    00000008     (__TI_handler_table)
                  000058fc    00000018     (__TI_cinit_table)

.init_array 
*          0    00000000    00000000     UNINITIALIZED

.vtable    0    20000000    000000e4     UNINITIALIZED
                  20000000    000000e4     interrupt.obj (.vtable)

.bss       0    200000e4    000000e8     UNINITIALIZED
                  200000e4    0000006c     main.obj (.bss:i2cRXData)
                  20000150    00000050     (.common:uartRXData)
                  200001a0    00000024     main.obj (.bss)
                  200001c4    00000008     cs.obj (.bss)

.data      0    200001cc    00000064     UNINITIALIZED
                  200001cc    00000030     gpio.obj (.data:GPIO_PORT_TO_BASE)
                  200001fc    00000010     main.obj (.data)
                  2000020c    0000000c     rtsv7M4_T_le_v4SPD16_eabi.lib : exit.obj (.data:$O1$$)
                  20000218    00000008                                   : _lock.obj (.data:$O1$$)
                  20000220    00000008     main.obj (.data:resultsBuffer)
                  20000228    00000004     rtsv7M4_T_le_v4SPD16_eabi.lib : stkdepth_vars.obj (.data)
                  2000022c    00000004     system_msp432p401r.obj (.data)

.stack     0    2000fc00    00000400     UNINITIALIZED
                  2000fc00    00000400     --HOLE--

MODULE SUMMARY

       Module                        code    ro data   rw data
       ------                        ----    -------   -------
    ./
       main.obj                      3240    549       248    
       system_msp432p401r.obj        840     0         4      
       printf.obj                    580     56        0      
       startup_msp432p401r_ccs.obj   18      320       0      
    +--+-----------------------------+-------+---------+---------+
       Total:                        4678    925       252    
                                                              
    ./driverlib/MSP432P4xx/
       cs.obj                        3452    0         8      
       adc14.obj                     2272    128       0      
       spi.obj                       2212    0         0      
       i2c.obj                       1960    0         0      
       interrupt.obj                 1008    144       228    
       gpio.obj                      1152    28        48     
       uart.obj                      1052    0         0      
       sysctl.obj                    580     0         0      
       cpu.obj                       62      0         0      
    +--+-----------------------------+-------+---------+---------+
       Total:                        13750   300       284    
                                                              
    /Applications/ti/ccsv6/tools/compiler/ti-cgt-arm_15.12.1.LTS/lib/rtsv7M4_T_le_v4SPD16_eabi.lib
       ll_div_t2.obj                 542     0         0      
       fd_add_t2.obj                 438     0         0      
       fd_cmp_t2.obj                 268     0         0      
       ctype.obj                     0       257       0      
       s_floor.obj                   248     0         0      
       s_round.obj                   192     0         0      
       memcpy_t2.obj                 156     0         0      
       memset_t2.obj                 122     0         0      
       autoinit.obj                  112     0         0      
       copy_decompress_rle.obj       112     0         0      
       exit.obj                      84      0         12     
       fd_toull_t2.obj               92      0         0      
       boot.obj                      84      0         0      
       atoi.obj                      76      0         0      
       cpy_tbl.obj                   76      0         0      
       ll_tofd_t2.obj                64      0         0      
       _lock.obj                     20      0         8      
       args_main.obj                 24      0         0      
       strlen.obj                    20      0         0      
       copy_decompress_none.obj      14      0         0      
       pre_init.obj                  4       0         0      
       stkdepth_vars.obj             0       0         4      
       l_div0.obj                    2       0         0      
       mpu_init.obj                  2       0         0      
       startup.obj                   2       0         0      
    +--+-----------------------------+-------+---------+---------+
       Total:                        2754    257       24     
                                                              
       Stack:                        0       0         1024   
       Linker Generated:             0       122       0      
    +--+-----------------------------+-------+---------+---------+
       Grand Total:                  21182   1604      1584   


LINKER GENERATED COPY TABLES

__TI_cinit_table @ 000058fc records: 3, size/record: 8, table size: 24
	.data: load addr=00005890, load size=00000048 bytes, run addr=200001cc, run size=00000064 bytes, compression=rle
	.bss: load addr=000058d8, load size=00000009 bytes, run addr=200000e4, run size=000000e8 bytes, compression=rle
	.vtable: load addr=000058e8, load size=00000009 bytes, run addr=20000000, run size=000000e4 bytes, compression=rle


LINKER GENERATED HANDLER TABLE

__TI_handler_table @ 000058f4 records: 2, size/record: 4, table size: 8
	index: 0, handler: __TI_decompress_rle24
	index: 1, handler: __TI_decompress_none


GLOBAL SYMBOLS: SORTED ALPHABETICALLY BY Name 

address   name                                       
-------   ----                                       
00000f41  ADC14_IRQHandler                           
000023b9  ADC14_clearInterruptFlag                   
00001f59  ADC14_configureConversionMemory            
00001e01  ADC14_configureMultiSequenceMode           
00001e97  ADC14_configureSingleSampleMode            
00002091  ADC14_disableComparatorWindow              
00001f2f  ADC14_disableConversion                    
00002333  ADC14_disableInterrupt                     
00001cd5  ADC14_disableModule                        
000022af  ADC14_disableReferenceBurst                
00001d15  ADC14_disableSampleTimer                   
00002001  ADC14_enableComparatorWindow               
00001eed  ADC14_enableConversion                     
00002307  ADC14_enableInterrupt                      
00001ccd  ADC14_enableModule                         
00002299  ADC14_enableReferenceBurst                 
00001ceb  ADC14_enableSampleTimer                    
00002389  ADC14_getEnabledInterruptStatus            
0000235f  ADC14_getInterruptStatus                   
000021b9  ADC14_getMultiSequenceResult               
00001d8b  ADC14_getResolution                        
0000219f  ADC14_getResult                            
00002225  ADC14_getResultArray                       
00001d2b  ADC14_initModule                           
00001f3b  ADC14_isBusy                               
000023e9  ADC14_registerInterrupt                    
000020ef  ADC14_setComparatorWindowValue             
000022c5  ADC14_setPowerMode                         
00001d71  ADC14_setResolution                        
00002175  ADC14_setResultFormat                      
00001dd7  ADC14_setSampleHoldTime                    
00001d95  ADC14_setSampleHoldTrigger                 
00001f0d  ADC14_toggleConversionTrigger              
000023fd  ADC14_unregisterInterrupt                  
00005229  C$$EXIT                                    
00005389  CPU_basepriGet                             
0000537b  CPU_basepriSet                             
00005355  CPU_cpsid                                  
0000536b  CPU_cpsie                                  
00005361  CPU_primask                                
00005377  CPU_wfi                                    
00000e41  CS_clearInterruptFlag                      
000006e9  CS_disableClockRequest                     
000007cf  CS_disableDCOExternalResistor              
00000d15  CS_disableFaultCounter                     
00000dff  CS_disableInterrupt                        
000006c1  CS_enableClockRequest                      
00000731  CS_enableDCOExternalResistor               
00000ce9  CS_enableFaultCounter                      
00000ddd  CS_enableInterrupt                         
00000c81  CS_getACLK                                 
00000c41  CS_getBCLK                                 
000008c9  CS_getDCOFrequency                         
00000e27  CS_getEnabledInterruptStatus               
00000c5d  CS_getHSMCLK                               
00000e21  CS_getInterruptStatus                      
00000cc7  CS_getMCLK                                 
00000ca5  CS_getSMCLK                                
000003e1  CS_initClockSignal                         
00000e63  CS_registerInterrupt                       
00000d41  CS_resetFaultCounter                       
000007ed  CS_setDCOCenteredFrequency                 
00000759  CS_setDCOExternalResistorCalibration       
00000a69  CS_setDCOFrequency                         
000003a5  CS_setExternalClockSourceFrequency         
0000070b  CS_setReferenceOscillatorFrequency         
00000d8d  CS_startFaultCounter                       
000004e5  CS_startHFXT                               
00000509  CS_startHFXTWithTimeout                    
000005cd  CS_startLFXT                               
000005f1  CS_startLFXTWithTimeout                    
00000825  CS_tuneDCOFrequency                        
00000e77  CS_unregisterInterrupt                     
00001083  EUSCIB1_IRQHandler                         
00002bb3  EUSCI_A_SPI_changeClockPhasePolarity       
00002c67  EUSCI_A_SPI_clearInterruptFlag             
00002c97  EUSCI_A_SPI_disable                        
00002c35  EUSCI_A_SPI_disableInterrupt               
00002c81  EUSCI_A_SPI_enable                         
00002c1b  EUSCI_A_SPI_enableInterrupt                
00002c4f  EUSCI_A_SPI_getInterruptStatus             
00002cad  EUSCI_A_SPI_getReceiveBufferAddressForDMA  
00002cbb  EUSCI_A_SPI_getTransmitBufferAddressForDMA 
00002cc9  EUSCI_A_SPI_isBusy                         
00002b33  EUSCI_A_SPI_masterChangeClock              
00002c0b  EUSCI_A_SPI_receiveData                    
00002b13  EUSCI_A_SPI_select4PinFunctionality        
00002b69  EUSCI_A_SPI_slaveInit                      
00002bf5  EUSCI_A_SPI_transmitData                   
000029e5  EUSCI_B_SPI_changeClockPhasePolarity       
00002a99  EUSCI_B_SPI_clearInterruptFlag             
00002ac9  EUSCI_B_SPI_disable                        
00002a67  EUSCI_B_SPI_disableInterrupt               
00002ab3  EUSCI_B_SPI_enable                         
00002a4d  EUSCI_B_SPI_enableInterrupt                
00002a81  EUSCI_B_SPI_getInterruptStatus             
00002adf  EUSCI_B_SPI_getReceiveBufferAddressForDMA  
00002aed  EUSCI_B_SPI_getTransmitBufferAddressForDMA 
00002afb  EUSCI_B_SPI_isBusy                         
00002969  EUSCI_B_SPI_masterChangeClock              
00002a3d  EUSCI_B_SPI_receiveData                    
00002949  EUSCI_B_SPI_select4PinFunctionality        
0000299b  EUSCI_B_SPI_slaveInit                      
00002a27  EUSCI_B_SPI_transmitData                   
00000ebd  EusciA0_ISR                                
000037b3  GPIO_clearInterruptFlag                    
00003773  GPIO_disableInterrupt                      
00003751  GPIO_enableInterrupt                       
0000380b  GPIO_getEnabledInterruptStatus             
00003723  GPIO_getInputPinValue                      
00003795  GPIO_getInterruptStatus                    
000037d5  GPIO_interruptEdgeSelect                   
000038cb  GPIO_registerInterrupt                     
000034cb  GPIO_setAsInputPin                         
0000367f  GPIO_setAsInputPinWithPullDownResistor     
000036d1  GPIO_setAsInputPinWithPullUpResistor       
00003491  GPIO_setAsOutputPin                        
00003595  GPIO_setAsPeripheralModuleFunctionInputPin 
00003511  GPIO_setAsPeripheralModuleFunctionOutputPin
00003887  GPIO_setDriveStrengthHigh                  
000038a9  GPIO_setDriveStrengthLow                   
00003619  GPIO_setOutputHighOnPin                    
0000363b  GPIO_setOutputLowOnPin                     
0000365d  GPIO_toggleOutputOnPin                     
000038eb  GPIO_unregisterInterrupt                   
00003349  I2C_clearInterruptFlag                     
00003333  I2C_disableInterrupt                       
00002d9b  I2C_disableModule                          
000032fd  I2C_disableMultiMasterMode                 
0000331d  I2C_enableInterrupt                        
00002d85  I2C_enableModule                           
000032dd  I2C_enableMultiMasterMode                  
00003377  I2C_getEnabledInterruptStatus              
0000335f  I2C_getInterruptStatus                     
00003387  I2C_getMode                                
00003283  I2C_getReceiveBufferAddressForDMA          
00003291  I2C_getTransmitBufferAddressForDMA         
00002ce9  I2C_initMaster                             
00002d4b  I2C_initSlave                              
00002e3f  I2C_isBusBusy                              
000032b1  I2C_masterIsStartSent                      
0000329f  I2C_masterIsStopSent                       
000031a9  I2C_masterReceiveMultiByteFinish           
000031e7  I2C_masterReceiveMultiByteFinishWithTimeout
00003191  I2C_masterReceiveMultiByteNext             
00003245  I2C_masterReceiveMultiByteStop             
00003259  I2C_masterReceiveSingle                    
00002de1  I2C_masterReceiveSingleByte                
00003177  I2C_masterReceiveStart                     
00003057  I2C_masterSendMultiByteFinish              
000030a5  I2C_masterSendMultiByteFinishWithTimeout   
00002fed  I2C_masterSendMultiByteNext                
00003019  I2C_masterSendMultiByteNextWithTimeout     
00002f43  I2C_masterSendMultiByteStart               
00002f91  I2C_masterSendMultiByteStartWithTimeout    
00003111  I2C_masterSendMultiByteStop                
0000313b  I2C_masterSendMultiByteStopWithTimeout     
00002e51  I2C_masterSendSingleByte                   
00002eb7  I2C_masterSendSingleByteWithTimeout        
000032c9  I2C_masterSendStart                        
0000339d  I2C_registerInterrupt                      
00002dc5  I2C_setMode                                
00002db1  I2C_setSlaveAddress                        
00002e2b  I2C_slaveGetData                           
00002e15  I2C_slavePutData                           
0000345f  I2C_slaveSendNAK                           
00003403  I2C_unregisterInterrupt                    
00003eef  Interrupt_disableInterrupt                 
00003d3f  Interrupt_disableMaster                    
000040ed  Interrupt_disableSleepOnIsrExit            
00003e7d  Interrupt_enableInterrupt                  
00003d2f  Interrupt_enableMaster                     
000040db  Interrupt_enableSleepOnIsrExit             
00003e57  Interrupt_getPriority                      
00003dcf  Interrupt_getPriorityGrouping              
000040bb  Interrupt_getPriorityMask                  
000040d5  Interrupt_getVectorTableAddress            
00003f61  Interrupt_isEnabled                        
00003fed  Interrupt_pendInterrupt                    
00003d4f  Interrupt_registerInterrupt                
00003e07  Interrupt_setPriority                      
00003db5  Interrupt_setPriorityGrouping              
000040ab  Interrupt_setPriorityMask                  
000040c5  Interrupt_setVectorTableAddress            
0000405d  Interrupt_unpendInterrupt                  
00003da1  Interrupt_unregisterInterrupt              
UNDEFED   SHT$$INIT_ARRAY$$Base                      
UNDEFED   SHT$$INIT_ARRAY$$Limit                     
00002607  SPI_changeClockPhasePolarity               
00002561  SPI_changeMasterClock                      
000027b9  SPI_clearInterruptFlag                     
0000273b  SPI_disableInterrupt                       
00002695  SPI_disableModule                          
00002715  SPI_enableInterrupt                        
00002679  SPI_enableModule                           
00002789  SPI_getEnabledInterruptStatus              
00002761  SPI_getInterruptStatus                     
000026b1  SPI_getReceiveBufferAddressForDMA          
000026cd  SPI_getTransmitBufferAddressForDMA         
00002475  SPI_initMaster                             
00002589  SPI_initSlave                              
000026f9  SPI_isBusy                                 
0000265d  SPI_receiveData                            
000027df  SPI_registerInterrupt                      
0000253b  SPI_selectFourPinFunctionality             
00002637  SPI_transmitData                           
0000289d  SPI_unregisterInterrupt                    
0000489b  SysCtl_disableGlitchFilter                 
0000472b  SysCtl_disableNMISource                    
00004833  SysCtl_disablePeripheralAtCPUHalt          
00004775  SysCtl_disableSRAMBank                     
000047f9  SysCtl_disableSRAMBankRetention            
0000488f  SysCtl_enableGlitchFilter                  
0000473f  SysCtl_enableNMISource                     
0000481f  SysCtl_enablePeripheralAtCPUHalt           
00004759  SysCtl_enableSRAMBank                      
000047dd  SysCtl_enableSRAMBankRetention             
00004725  SysCtl_getFlashSize                        
00004753  SysCtl_getNMISourceStatus                  
0000471f  SysCtl_getSRAMSize                         
000046a9  SysCtl_getTLVInfo                          
000048a7  SysCtl_getTempCalibrationConstant          
00004815  SysCtl_rebootDevice                        
0000486b  SysCtl_setWDTPasswordViolationResetType    
00004847  SysCtl_setWDTTimeoutResetType              
2000022c  SystemCoreClock                            
0000411d  SystemCoreClockUpdate                      
00004391  SystemInit                                 
00003c25  UART_clearInterruptFlag                    
00003b7d  UART_disableInterrupt                      
00003a5f  UART_disableModule                         
00003b4d  UART_enableInterrupt                       
00003a49  UART_enableModule                          
00003bc9  UART_getEnabledInterruptStatus             
00003bad  UART_getInterruptStatus                    
00003b15  UART_getReceiveBufferAddressForDMA         
00003b23  UART_getTransmitBufferAddressForDMA        
00003911  UART_initModule                            
00003a75  UART_queryStatusFlags                      
00003a23  UART_receiveData                           
00003c45  UART_registerInterrupt                     
00003a9d  UART_resetDormant                          
00003b31  UART_selectDeglitchTime                    
00003a89  UART_setDormant                            
00003ab1  UART_transmitAddress                       
00003acf  UART_transmitBreak                         
000039f9  UART_transmitData                          
00003cc1  UART_unregisterInterrupt                   
4000480c  WDTCTL_SYM                                 
20010000  __STACK_END                                
00000400  __STACK_SIZE                               
000058fc  __TI_CINIT_Base                            
00005914  __TI_CINIT_Limit                           
000058f4  __TI_Handler_Table_Base                    
000058fc  __TI_Handler_Table_Limit                   
0000509d  __TI_auto_init                             
2000020c  __TI_cleanup_ptr                           
000053e7  __TI_decompress_none                       
000053f5  __TI_decompress_rle24                      
20000210  __TI_dtors_ptr                             
20000214  __TI_enable_exit_profile_output            
ffffffff  __TI_pprof_out_hndl                        
ffffffff  __TI_prof_data_size                        
ffffffff  __TI_prof_data_start                       
00000000  __TI_static_base__                         
00004f15  __aeabi_cdcmpeq                            
00004f15  __aeabi_cdcmple                            
00004f9b  __aeabi_cdrcmple                           
00005177  __aeabi_d2ulz                              
00004b15  __aeabi_dadd                               
00004b0b  __aeabi_dsub                               
00005315  __aeabi_l2d                                
0000509b  __aeabi_ldiv0                              
000048ed  __aeabi_ldivmod                            
00005021  __aeabi_memclr                             
00005021  __aeabi_memclr4                            
00005021  __aeabi_memclr8                            
00004e79  __aeabi_memcpy                             
00004e79  __aeabi_memcpy4                            
00004e79  __aeabi_memcpy8                            
00005023  __aeabi_memset                             
00005023  __aeabi_memset4                            
00005023  __aeabi_memset8                            
ffffffff  __binit__                                  
ffffffff  __c_args__                                 
000051d3  __mpu_init                                 
2000fc00  __stack                                    
00005395  _args_main                                 
000051d5  _c_int00                                   
000055d0  _ctypes_                                   
20000218  _lock                                      
000053bb  _nop                                       
000053b3  _register_lock                             
000053ad  _register_unlock                           
00005393  _system_post_cinit                         
000053fb  _system_pre_init                           
2000021c  _unlock                                    
0000522d  abort                                      
0000527d  atoi                                       
ffffffff  binit                                      
000052c9  copy_in                                    
000017b5  dumpI2C                                    
00005235  exit                                       
000056d1  firstReg                                   
00004cc1  floor                                      
00004cc1  floorl                                     
20000000  g_pfnRAMVectors                            
00005848  i2cConfig                                  
000017e1  initVersaClock1MHz                         
00000f7d  initializeADC                              
00001439  initializeBackChannelUART                  
00001409  initializeClocks                           
000014c1  initializeDDS                              
0000175b  initializeI2C                              
000016d3  initializeVersaclock                       
00000000  interruptVectors                           
00001215  main                                       
20000228  main_func_sp                               
00004e79  memcpy                                     
00005029  memset                                     
0000452f  printf                                     
0000147b  pulseFQ_UD                                 
000014a3  pulse_DDS_RST                              
0000148f  pulse_W_CLK                                
00004497  putc                                       
00004477  puts                                       
0000194f  reflectionMeasure                          
20000220  resultsBuffer                              
00004db9  round                                      
00004db9  roundl                                     
00004465  sendByte                                   
000015c5  setDDSFrequency                            
0000582c  spiMasterConfig                            
000053c1  strlen                                     
00001a51  transmissionMeasure                        
000057cc  uartConfig                                 
20000150  uartRXData                                 
0000185d  updateVersaclockRegs                       
00005400  versaClockRegisters                        
000017f1  writeVersaClockBlock                       


GLOBAL SYMBOLS: SORTED BY Symbol Address 

address   name                                       
-------   ----                                       
00000000  __TI_static_base__                         
00000000  interruptVectors                           
000003a5  CS_setExternalClockSourceFrequency         
000003e1  CS_initClockSignal                         
00000400  __STACK_SIZE                               
000004e5  CS_startHFXT                               
00000509  CS_startHFXTWithTimeout                    
000005cd  CS_startLFXT                               
000005f1  CS_startLFXTWithTimeout                    
000006c1  CS_enableClockRequest                      
000006e9  CS_disableClockRequest                     
0000070b  CS_setReferenceOscillatorFrequency         
00000731  CS_enableDCOExternalResistor               
00000759  CS_setDCOExternalResistorCalibration       
000007cf  CS_disableDCOExternalResistor              
000007ed  CS_setDCOCenteredFrequency                 
00000825  CS_tuneDCOFrequency                        
000008c9  CS_getDCOFrequency                         
00000a69  CS_setDCOFrequency                         
00000c41  CS_getBCLK                                 
00000c5d  CS_getHSMCLK                               
00000c81  CS_getACLK                                 
00000ca5  CS_getSMCLK                                
00000cc7  CS_getMCLK                                 
00000ce9  CS_enableFaultCounter                      
00000d15  CS_disableFaultCounter                     
00000d41  CS_resetFaultCounter                       
00000d8d  CS_startFaultCounter                       
00000ddd  CS_enableInterrupt                         
00000dff  CS_disableInterrupt                        
00000e21  CS_getInterruptStatus                      
00000e27  CS_getEnabledInterruptStatus               
00000e41  CS_clearInterruptFlag                      
00000e63  CS_registerInterrupt                       
00000e77  CS_unregisterInterrupt                     
00000ebd  EusciA0_ISR                                
00000f41  ADC14_IRQHandler                           
00000f7d  initializeADC                              
00001083  EUSCIB1_IRQHandler                         
00001215  main                                       
00001409  initializeClocks                           
00001439  initializeBackChannelUART                  
0000147b  pulseFQ_UD                                 
0000148f  pulse_W_CLK                                
000014a3  pulse_DDS_RST                              
000014c1  initializeDDS                              
000015c5  setDDSFrequency                            
000016d3  initializeVersaclock                       
0000175b  initializeI2C                              
000017b5  dumpI2C                                    
000017e1  initVersaClock1MHz                         
000017f1  writeVersaClockBlock                       
0000185d  updateVersaclockRegs                       
0000194f  reflectionMeasure                          
00001a51  transmissionMeasure                        
00001ccd  ADC14_enableModule                         
00001cd5  ADC14_disableModule                        
00001ceb  ADC14_enableSampleTimer                    
00001d15  ADC14_disableSampleTimer                   
00001d2b  ADC14_initModule                           
00001d71  ADC14_setResolution                        
00001d8b  ADC14_getResolution                        
00001d95  ADC14_setSampleHoldTrigger                 
00001dd7  ADC14_setSampleHoldTime                    
00001e01  ADC14_configureMultiSequenceMode           
00001e97  ADC14_configureSingleSampleMode            
00001eed  ADC14_enableConversion                     
00001f0d  ADC14_toggleConversionTrigger              
00001f2f  ADC14_disableConversion                    
00001f3b  ADC14_isBusy                               
00001f59  ADC14_configureConversionMemory            
00002001  ADC14_enableComparatorWindow               
00002091  ADC14_disableComparatorWindow              
000020ef  ADC14_setComparatorWindowValue             
00002175  ADC14_setResultFormat                      
0000219f  ADC14_getResult                            
000021b9  ADC14_getMultiSequenceResult               
00002225  ADC14_getResultArray                       
00002299  ADC14_enableReferenceBurst                 
000022af  ADC14_disableReferenceBurst                
000022c5  ADC14_setPowerMode                         
00002307  ADC14_enableInterrupt                      
00002333  ADC14_disableInterrupt                     
0000235f  ADC14_getInterruptStatus                   
00002389  ADC14_getEnabledInterruptStatus            
000023b9  ADC14_clearInterruptFlag                   
000023e9  ADC14_registerInterrupt                    
000023fd  ADC14_unregisterInterrupt                  
00002475  SPI_initMaster                             
0000253b  SPI_selectFourPinFunctionality             
00002561  SPI_changeMasterClock                      
00002589  SPI_initSlave                              
00002607  SPI_changeClockPhasePolarity               
00002637  SPI_transmitData                           
0000265d  SPI_receiveData                            
00002679  SPI_enableModule                           
00002695  SPI_disableModule                          
000026b1  SPI_getReceiveBufferAddressForDMA          
000026cd  SPI_getTransmitBufferAddressForDMA         
000026f9  SPI_isBusy                                 
00002715  SPI_enableInterrupt                        
0000273b  SPI_disableInterrupt                       
00002761  SPI_getInterruptStatus                     
00002789  SPI_getEnabledInterruptStatus              
000027b9  SPI_clearInterruptFlag                     
000027df  SPI_registerInterrupt                      
0000289d  SPI_unregisterInterrupt                    
00002949  EUSCI_B_SPI_select4PinFunctionality        
00002969  EUSCI_B_SPI_masterChangeClock              
0000299b  EUSCI_B_SPI_slaveInit                      
000029e5  EUSCI_B_SPI_changeClockPhasePolarity       
00002a27  EUSCI_B_SPI_transmitData                   
00002a3d  EUSCI_B_SPI_receiveData                    
00002a4d  EUSCI_B_SPI_enableInterrupt                
00002a67  EUSCI_B_SPI_disableInterrupt               
00002a81  EUSCI_B_SPI_getInterruptStatus             
00002a99  EUSCI_B_SPI_clearInterruptFlag             
00002ab3  EUSCI_B_SPI_enable                         
00002ac9  EUSCI_B_SPI_disable                        
00002adf  EUSCI_B_SPI_getReceiveBufferAddressForDMA  
00002aed  EUSCI_B_SPI_getTransmitBufferAddressForDMA 
00002afb  EUSCI_B_SPI_isBusy                         
00002b13  EUSCI_A_SPI_select4PinFunctionality        
00002b33  EUSCI_A_SPI_masterChangeClock              
00002b69  EUSCI_A_SPI_slaveInit                      
00002bb3  EUSCI_A_SPI_changeClockPhasePolarity       
00002bf5  EUSCI_A_SPI_transmitData                   
00002c0b  EUSCI_A_SPI_receiveData                    
00002c1b  EUSCI_A_SPI_enableInterrupt                
00002c35  EUSCI_A_SPI_disableInterrupt               
00002c4f  EUSCI_A_SPI_getInterruptStatus             
00002c67  EUSCI_A_SPI_clearInterruptFlag             
00002c81  EUSCI_A_SPI_enable                         
00002c97  EUSCI_A_SPI_disable                        
00002cad  EUSCI_A_SPI_getReceiveBufferAddressForDMA  
00002cbb  EUSCI_A_SPI_getTransmitBufferAddressForDMA 
00002cc9  EUSCI_A_SPI_isBusy                         
00002ce9  I2C_initMaster                             
00002d4b  I2C_initSlave                              
00002d85  I2C_enableModule                           
00002d9b  I2C_disableModule                          
00002db1  I2C_setSlaveAddress                        
00002dc5  I2C_setMode                                
00002de1  I2C_masterReceiveSingleByte                
00002e15  I2C_slavePutData                           
00002e2b  I2C_slaveGetData                           
00002e3f  I2C_isBusBusy                              
00002e51  I2C_masterSendSingleByte                   
00002eb7  I2C_masterSendSingleByteWithTimeout        
00002f43  I2C_masterSendMultiByteStart               
00002f91  I2C_masterSendMultiByteStartWithTimeout    
00002fed  I2C_masterSendMultiByteNext                
00003019  I2C_masterSendMultiByteNextWithTimeout     
00003057  I2C_masterSendMultiByteFinish              
000030a5  I2C_masterSendMultiByteFinishWithTimeout   
00003111  I2C_masterSendMultiByteStop                
0000313b  I2C_masterSendMultiByteStopWithTimeout     
00003177  I2C_masterReceiveStart                     
00003191  I2C_masterReceiveMultiByteNext             
000031a9  I2C_masterReceiveMultiByteFinish           
000031e7  I2C_masterReceiveMultiByteFinishWithTimeout
00003245  I2C_masterReceiveMultiByteStop             
00003259  I2C_masterReceiveSingle                    
00003283  I2C_getReceiveBufferAddressForDMA          
00003291  I2C_getTransmitBufferAddressForDMA         
0000329f  I2C_masterIsStopSent                       
000032b1  I2C_masterIsStartSent                      
000032c9  I2C_masterSendStart                        
000032dd  I2C_enableMultiMasterMode                  
000032fd  I2C_disableMultiMasterMode                 
0000331d  I2C_enableInterrupt                        
00003333  I2C_disableInterrupt                       
00003349  I2C_clearInterruptFlag                     
0000335f  I2C_getInterruptStatus                     
00003377  I2C_getEnabledInterruptStatus              
00003387  I2C_getMode                                
0000339d  I2C_registerInterrupt                      
00003403  I2C_unregisterInterrupt                    
0000345f  I2C_slaveSendNAK                           
00003491  GPIO_setAsOutputPin                        
000034cb  GPIO_setAsInputPin                         
00003511  GPIO_setAsPeripheralModuleFunctionOutputPin
00003595  GPIO_setAsPeripheralModuleFunctionInputPin 
00003619  GPIO_setOutputHighOnPin                    
0000363b  GPIO_setOutputLowOnPin                     
0000365d  GPIO_toggleOutputOnPin                     
0000367f  GPIO_setAsInputPinWithPullDownResistor     
000036d1  GPIO_setAsInputPinWithPullUpResistor       
00003723  GPIO_getInputPinValue                      
00003751  GPIO_enableInterrupt                       
00003773  GPIO_disableInterrupt                      
00003795  GPIO_getInterruptStatus                    
000037b3  GPIO_clearInterruptFlag                    
000037d5  GPIO_interruptEdgeSelect                   
0000380b  GPIO_getEnabledInterruptStatus             
00003887  GPIO_setDriveStrengthHigh                  
000038a9  GPIO_setDriveStrengthLow                   
000038cb  GPIO_registerInterrupt                     
000038eb  GPIO_unregisterInterrupt                   
00003911  UART_initModule                            
000039f9  UART_transmitData                          
00003a23  UART_receiveData                           
00003a49  UART_enableModule                          
00003a5f  UART_disableModule                         
00003a75  UART_queryStatusFlags                      
00003a89  UART_setDormant                            
00003a9d  UART_resetDormant                          
00003ab1  UART_transmitAddress                       
00003acf  UART_transmitBreak                         
00003b15  UART_getReceiveBufferAddressForDMA         
00003b23  UART_getTransmitBufferAddressForDMA        
00003b31  UART_selectDeglitchTime                    
00003b4d  UART_enableInterrupt                       
00003b7d  UART_disableInterrupt                      
00003bad  UART_getInterruptStatus                    
00003bc9  UART_getEnabledInterruptStatus             
00003c25  UART_clearInterruptFlag                    
00003c45  UART_registerInterrupt                     
00003cc1  UART_unregisterInterrupt                   
00003d2f  Interrupt_enableMaster                     
00003d3f  Interrupt_disableMaster                    
00003d4f  Interrupt_registerInterrupt                
00003da1  Interrupt_unregisterInterrupt              
00003db5  Interrupt_setPriorityGrouping              
00003dcf  Interrupt_getPriorityGrouping              
00003e07  Interrupt_setPriority                      
00003e57  Interrupt_getPriority                      
00003e7d  Interrupt_enableInterrupt                  
00003eef  Interrupt_disableInterrupt                 
00003f61  Interrupt_isEnabled                        
00003fed  Interrupt_pendInterrupt                    
0000405d  Interrupt_unpendInterrupt                  
000040ab  Interrupt_setPriorityMask                  
000040bb  Interrupt_getPriorityMask                  
000040c5  Interrupt_setVectorTableAddress            
000040d5  Interrupt_getVectorTableAddress            
000040db  Interrupt_enableSleepOnIsrExit             
000040ed  Interrupt_disableSleepOnIsrExit            
0000411d  SystemCoreClockUpdate                      
00004391  SystemInit                                 
00004465  sendByte                                   
00004477  puts                                       
00004497  putc                                       
0000452f  printf                                     
000046a9  SysCtl_getTLVInfo                          
0000471f  SysCtl_getSRAMSize                         
00004725  SysCtl_getFlashSize                        
0000472b  SysCtl_disableNMISource                    
0000473f  SysCtl_enableNMISource                     
00004753  SysCtl_getNMISourceStatus                  
00004759  SysCtl_enableSRAMBank                      
00004775  SysCtl_disableSRAMBank                     
000047dd  SysCtl_enableSRAMBankRetention             
000047f9  SysCtl_disableSRAMBankRetention            
00004815  SysCtl_rebootDevice                        
0000481f  SysCtl_enablePeripheralAtCPUHalt           
00004833  SysCtl_disablePeripheralAtCPUHalt          
00004847  SysCtl_setWDTTimeoutResetType              
0000486b  SysCtl_setWDTPasswordViolationResetType    
0000488f  SysCtl_enableGlitchFilter                  
0000489b  SysCtl_disableGlitchFilter                 
000048a7  SysCtl_getTempCalibrationConstant          
000048ed  __aeabi_ldivmod                            
00004b0b  __aeabi_dsub                               
00004b15  __aeabi_dadd                               
00004cc1  floor                                      
00004cc1  floorl                                     
00004db9  round                                      
00004db9  roundl                                     
00004e79  __aeabi_memcpy                             
00004e79  __aeabi_memcpy4                            
00004e79  __aeabi_memcpy8                            
00004e79  memcpy                                     
00004f15  __aeabi_cdcmpeq                            
00004f15  __aeabi_cdcmple                            
00004f9b  __aeabi_cdrcmple                           
00005021  __aeabi_memclr                             
00005021  __aeabi_memclr4                            
00005021  __aeabi_memclr8                            
00005023  __aeabi_memset                             
00005023  __aeabi_memset4                            
00005023  __aeabi_memset8                            
00005029  memset                                     
0000509b  __aeabi_ldiv0                              
0000509d  __TI_auto_init                             
00005177  __aeabi_d2ulz                              
000051d3  __mpu_init                                 
000051d5  _c_int00                                   
00005229  C$$EXIT                                    
0000522d  abort                                      
00005235  exit                                       
0000527d  atoi                                       
000052c9  copy_in                                    
00005315  __aeabi_l2d                                
00005355  CPU_cpsid                                  
00005361  CPU_primask                                
0000536b  CPU_cpsie                                  
00005377  CPU_wfi                                    
0000537b  CPU_basepriSet                             
00005389  CPU_basepriGet                             
00005393  _system_post_cinit                         
00005395  _args_main                                 
000053ad  _register_unlock                           
000053b3  _register_lock                             
000053bb  _nop                                       
000053c1  strlen                                     
000053e7  __TI_decompress_none                       
000053f5  __TI_decompress_rle24                      
000053fb  _system_pre_init                           
00005400  versaClockRegisters                        
000055d0  _ctypes_                                   
000056d1  firstReg                                   
000057cc  uartConfig                                 
0000582c  spiMasterConfig                            
00005848  i2cConfig                                  
000058f4  __TI_Handler_Table_Base                    
000058fc  __TI_CINIT_Base                            
000058fc  __TI_Handler_Table_Limit                   
00005914  __TI_CINIT_Limit                           
20000000  g_pfnRAMVectors                            
20000150  uartRXData                                 
2000020c  __TI_cleanup_ptr                           
20000210  __TI_dtors_ptr                             
20000214  __TI_enable_exit_profile_output            
20000218  _lock                                      
2000021c  _unlock                                    
20000220  resultsBuffer                              
20000228  main_func_sp                               
2000022c  SystemCoreClock                            
2000fc00  __stack                                    
20010000  __STACK_END                                
4000480c  WDTCTL_SYM                                 
ffffffff  __TI_pprof_out_hndl                        
ffffffff  __TI_prof_data_size                        
ffffffff  __TI_prof_data_start                       
ffffffff  __binit__                                  
ffffffff  __c_args__                                 
ffffffff  binit                                      
UNDEFED   SHT$$INIT_ARRAY$$Base                      
UNDEFED   SHT$$INIT_ARRAY$$Limit                     

[340 symbols]
