<?xml version="1.0"?>
<link_info>
   <banner>TI ARM Linker Unix v15.12.1.LTS</banner>
   <copyright>Copyright (c) 1996-2015 Texas Instruments Incorporated</copyright>
   <link_time>0x574b8431</link_time>
   <link_errors>0x0</link_errors>
   <output_file>VNA-Project-Code.out</output_file>
   <entry_point>
      <name>_c_int00</name>
      <address>0x51d5</address>
   </entry_point>
   <input_file_list>
      <input_file id="fl-2">
         <path>./</path>
         <kind>object</kind>
         <file>main.obj</file>
         <name>main.obj</name>
      </input_file>
      <input_file id="fl-3">
         <path>./</path>
         <kind>object</kind>
         <file>printf.obj</file>
         <name>printf.obj</name>
      </input_file>
      <input_file id="fl-4">
         <path>./</path>
         <kind>object</kind>
         <file>startup_msp432p401r_ccs.obj</file>
         <name>startup_msp432p401r_ccs.obj</name>
      </input_file>
      <input_file id="fl-5">
         <path>./</path>
         <kind>object</kind>
         <file>system_msp432p401r.obj</file>
         <name>system_msp432p401r.obj</name>
      </input_file>
      <input_file id="fl-6">
         <path>./driverlib/MSP432P4xx/</path>
         <kind>object</kind>
         <file>adc14.obj</file>
         <name>adc14.obj</name>
      </input_file>
      <input_file id="fl-7">
         <path>./driverlib/MSP432P4xx/</path>
         <kind>object</kind>
         <file>aes256.obj</file>
         <name>aes256.obj</name>
      </input_file>
      <input_file id="fl-8">
         <path>./driverlib/MSP432P4xx/</path>
         <kind>object</kind>
         <file>comp_e.obj</file>
         <name>comp_e.obj</name>
      </input_file>
      <input_file id="fl-9">
         <path>./driverlib/MSP432P4xx/</path>
         <kind>object</kind>
         <file>cpu.obj</file>
         <name>cpu.obj</name>
      </input_file>
      <input_file id="fl-a">
         <path>./driverlib/MSP432P4xx/</path>
         <kind>object</kind>
         <file>crc32.obj</file>
         <name>crc32.obj</name>
      </input_file>
      <input_file id="fl-b">
         <path>./driverlib/MSP432P4xx/</path>
         <kind>object</kind>
         <file>cs.obj</file>
         <name>cs.obj</name>
      </input_file>
      <input_file id="fl-c">
         <path>./driverlib/MSP432P4xx/</path>
         <kind>object</kind>
         <file>dma.obj</file>
         <name>dma.obj</name>
      </input_file>
      <input_file id="fl-d">
         <path>./driverlib/MSP432P4xx/</path>
         <kind>object</kind>
         <file>flash.obj</file>
         <name>flash.obj</name>
      </input_file>
      <input_file id="fl-e">
         <path>./driverlib/MSP432P4xx/</path>
         <kind>object</kind>
         <file>fpu.obj</file>
         <name>fpu.obj</name>
      </input_file>
      <input_file id="fl-f">
         <path>./driverlib/MSP432P4xx/</path>
         <kind>object</kind>
         <file>gpio.obj</file>
         <name>gpio.obj</name>
      </input_file>
      <input_file id="fl-10">
         <path>./driverlib/MSP432P4xx/</path>
         <kind>object</kind>
         <file>i2c.obj</file>
         <name>i2c.obj</name>
      </input_file>
      <input_file id="fl-11">
         <path>./driverlib/MSP432P4xx/</path>
         <kind>object</kind>
         <file>interrupt.obj</file>
         <name>interrupt.obj</name>
      </input_file>
      <input_file id="fl-12">
         <path>./driverlib/MSP432P4xx/</path>
         <kind>object</kind>
         <file>mpu.obj</file>
         <name>mpu.obj</name>
      </input_file>
      <input_file id="fl-13">
         <path>./driverlib/MSP432P4xx/</path>
         <kind>object</kind>
         <file>pcm.obj</file>
         <name>pcm.obj</name>
      </input_file>
      <input_file id="fl-14">
         <path>./driverlib/MSP432P4xx/</path>
         <kind>object</kind>
         <file>pmap.obj</file>
         <name>pmap.obj</name>
      </input_file>
      <input_file id="fl-15">
         <path>./driverlib/MSP432P4xx/</path>
         <kind>object</kind>
         <file>pss.obj</file>
         <name>pss.obj</name>
      </input_file>
      <input_file id="fl-16">
         <path>./driverlib/MSP432P4xx/</path>
         <kind>object</kind>
         <file>ref_a.obj</file>
         <name>ref_a.obj</name>
      </input_file>
      <input_file id="fl-17">
         <path>./driverlib/MSP432P4xx/</path>
         <kind>object</kind>
         <file>reset.obj</file>
         <name>reset.obj</name>
      </input_file>
      <input_file id="fl-18">
         <path>./driverlib/MSP432P4xx/</path>
         <kind>object</kind>
         <file>rtc_c.obj</file>
         <name>rtc_c.obj</name>
      </input_file>
      <input_file id="fl-19">
         <path>./driverlib/MSP432P4xx/</path>
         <kind>object</kind>
         <file>spi.obj</file>
         <name>spi.obj</name>
      </input_file>
      <input_file id="fl-1a">
         <path>./driverlib/MSP432P4xx/</path>
         <kind>object</kind>
         <file>sysctl.obj</file>
         <name>sysctl.obj</name>
      </input_file>
      <input_file id="fl-1b">
         <path>./driverlib/MSP432P4xx/</path>
         <kind>object</kind>
         <file>systick.obj</file>
         <name>systick.obj</name>
      </input_file>
      <input_file id="fl-1c">
         <path>./driverlib/MSP432P4xx/</path>
         <kind>object</kind>
         <file>timer32.obj</file>
         <name>timer32.obj</name>
      </input_file>
      <input_file id="fl-1d">
         <path>./driverlib/MSP432P4xx/</path>
         <kind>object</kind>
         <file>timer_a.obj</file>
         <name>timer_a.obj</name>
      </input_file>
      <input_file id="fl-1e">
         <path>./driverlib/MSP432P4xx/</path>
         <kind>object</kind>
         <file>uart.obj</file>
         <name>uart.obj</name>
      </input_file>
      <input_file id="fl-1f">
         <path>./driverlib/MSP432P4xx/</path>
         <kind>object</kind>
         <file>wdt_a.obj</file>
         <name>wdt_a.obj</name>
      </input_file>
      <input_file id="fl-d9">
         <path>/Applications/ti/ccsv6/tools/compiler/ti-cgt-arm_15.12.1.LTS/lib/</path>
         <kind>archive</kind>
         <file>rtsv7M4_T_le_v4SPD16_eabi.lib</file>
         <name>atoi.obj</name>
      </input_file>
      <input_file id="fl-da">
         <path>/Applications/ti/ccsv6/tools/compiler/ti-cgt-arm_15.12.1.LTS/lib/</path>
         <kind>archive</kind>
         <file>rtsv7M4_T_le_v4SPD16_eabi.lib</file>
         <name>boot.obj</name>
      </input_file>
      <input_file id="fl-db">
         <path>/Applications/ti/ccsv6/tools/compiler/ti-cgt-arm_15.12.1.LTS/lib/</path>
         <kind>archive</kind>
         <file>rtsv7M4_T_le_v4SPD16_eabi.lib</file>
         <name>copy_decompress_none.obj</name>
      </input_file>
      <input_file id="fl-dc">
         <path>/Applications/ti/ccsv6/tools/compiler/ti-cgt-arm_15.12.1.LTS/lib/</path>
         <kind>archive</kind>
         <file>rtsv7M4_T_le_v4SPD16_eabi.lib</file>
         <name>copy_decompress_rle.obj</name>
      </input_file>
      <input_file id="fl-dd">
         <path>/Applications/ti/ccsv6/tools/compiler/ti-cgt-arm_15.12.1.LTS/lib/</path>
         <kind>archive</kind>
         <file>rtsv7M4_T_le_v4SPD16_eabi.lib</file>
         <name>copy_zero_init.obj</name>
      </input_file>
      <input_file id="fl-de">
         <path>/Applications/ti/ccsv6/tools/compiler/ti-cgt-arm_15.12.1.LTS/lib/</path>
         <kind>archive</kind>
         <file>rtsv7M4_T_le_v4SPD16_eabi.lib</file>
         <name>ctype.obj</name>
      </input_file>
      <input_file id="fl-df">
         <path>/Applications/ti/ccsv6/tools/compiler/ti-cgt-arm_15.12.1.LTS/lib/</path>
         <kind>archive</kind>
         <file>rtsv7M4_T_le_v4SPD16_eabi.lib</file>
         <name>exit.obj</name>
      </input_file>
      <input_file id="fl-e0">
         <path>/Applications/ti/ccsv6/tools/compiler/ti-cgt-arm_15.12.1.LTS/lib/</path>
         <kind>archive</kind>
         <file>rtsv7M4_T_le_v4SPD16_eabi.lib</file>
         <name>fd_toull_t2.obj</name>
      </input_file>
      <input_file id="fl-e1">
         <path>/Applications/ti/ccsv6/tools/compiler/ti-cgt-arm_15.12.1.LTS/lib/</path>
         <kind>archive</kind>
         <file>rtsv7M4_T_le_v4SPD16_eabi.lib</file>
         <name>ll_div_t2.obj</name>
      </input_file>
      <input_file id="fl-e2">
         <path>/Applications/ti/ccsv6/tools/compiler/ti-cgt-arm_15.12.1.LTS/lib/</path>
         <kind>archive</kind>
         <file>rtsv7M4_T_le_v4SPD16_eabi.lib</file>
         <name>ll_tofd_t2.obj</name>
      </input_file>
      <input_file id="fl-e3">
         <path>/Applications/ti/ccsv6/tools/compiler/ti-cgt-arm_15.12.1.LTS/lib/</path>
         <kind>archive</kind>
         <file>rtsv7M4_T_le_v4SPD16_eabi.lib</file>
         <name>memcpy_t2.obj</name>
      </input_file>
      <input_file id="fl-e4">
         <path>/Applications/ti/ccsv6/tools/compiler/ti-cgt-arm_15.12.1.LTS/lib/</path>
         <kind>archive</kind>
         <file>rtsv7M4_T_le_v4SPD16_eabi.lib</file>
         <name>memset_t2.obj</name>
      </input_file>
      <input_file id="fl-e5">
         <path>/Applications/ti/ccsv6/tools/compiler/ti-cgt-arm_15.12.1.LTS/lib/</path>
         <kind>archive</kind>
         <file>rtsv7M4_T_le_v4SPD16_eabi.lib</file>
         <name>mpu_init.obj</name>
      </input_file>
      <input_file id="fl-e6">
         <path>/Applications/ti/ccsv6/tools/compiler/ti-cgt-arm_15.12.1.LTS/lib/</path>
         <kind>archive</kind>
         <file>rtsv7M4_T_le_v4SPD16_eabi.lib</file>
         <name>pre_init.obj</name>
      </input_file>
      <input_file id="fl-e7">
         <path>/Applications/ti/ccsv6/tools/compiler/ti-cgt-arm_15.12.1.LTS/lib/</path>
         <kind>archive</kind>
         <file>rtsv7M4_T_le_v4SPD16_eabi.lib</file>
         <name>s_round.obj</name>
      </input_file>
      <input_file id="fl-e8">
         <path>/Applications/ti/ccsv6/tools/compiler/ti-cgt-arm_15.12.1.LTS/lib/</path>
         <kind>archive</kind>
         <file>rtsv7M4_T_le_v4SPD16_eabi.lib</file>
         <name>stkdepth_vars.obj</name>
      </input_file>
      <input_file id="fl-e9">
         <path>/Applications/ti/ccsv6/tools/compiler/ti-cgt-arm_15.12.1.LTS/lib/</path>
         <kind>archive</kind>
         <file>rtsv7M4_T_le_v4SPD16_eabi.lib</file>
         <name>strlen.obj</name>
      </input_file>
      <input_file id="fl-ea">
         <path>/Applications/ti/ccsv6/tools/compiler/ti-cgt-arm_15.12.1.LTS/lib/</path>
         <kind>archive</kind>
         <file>rtsv7M4_T_le_v4SPD16_eabi.lib</file>
         <name>_lock.obj</name>
      </input_file>
      <input_file id="fl-eb">
         <path>/Applications/ti/ccsv6/tools/compiler/ti-cgt-arm_15.12.1.LTS/lib/</path>
         <kind>archive</kind>
         <file>rtsv7M4_T_le_v4SPD16_eabi.lib</file>
         <name>args_main.obj</name>
      </input_file>
      <input_file id="fl-ec">
         <path>/Applications/ti/ccsv6/tools/compiler/ti-cgt-arm_15.12.1.LTS/lib/</path>
         <kind>archive</kind>
         <file>rtsv7M4_T_le_v4SPD16_eabi.lib</file>
         <name>autoinit.obj</name>
      </input_file>
      <input_file id="fl-ed">
         <path>/Applications/ti/ccsv6/tools/compiler/ti-cgt-arm_15.12.1.LTS/lib/</path>
         <kind>archive</kind>
         <file>rtsv7M4_T_le_v4SPD16_eabi.lib</file>
         <name>cpy_tbl.obj</name>
      </input_file>
      <input_file id="fl-ee">
         <path>/Applications/ti/ccsv6/tools/compiler/ti-cgt-arm_15.12.1.LTS/lib/</path>
         <kind>archive</kind>
         <file>rtsv7M4_T_le_v4SPD16_eabi.lib</file>
         <name>fd_add_t2.obj</name>
      </input_file>
      <input_file id="fl-ef">
         <path>/Applications/ti/ccsv6/tools/compiler/ti-cgt-arm_15.12.1.LTS/lib/</path>
         <kind>archive</kind>
         <file>rtsv7M4_T_le_v4SPD16_eabi.lib</file>
         <name>fd_cmp_t2.obj</name>
      </input_file>
      <input_file id="fl-f0">
         <path>/Applications/ti/ccsv6/tools/compiler/ti-cgt-arm_15.12.1.LTS/lib/</path>
         <kind>archive</kind>
         <file>rtsv7M4_T_le_v4SPD16_eabi.lib</file>
         <name>l_div0.obj</name>
      </input_file>
      <input_file id="fl-f1">
         <path>/Applications/ti/ccsv6/tools/compiler/ti-cgt-arm_15.12.1.LTS/lib/</path>
         <kind>archive</kind>
         <file>rtsv7M4_T_le_v4SPD16_eabi.lib</file>
         <name>s_floor.obj</name>
      </input_file>
      <input_file id="fl-f2">
         <path>/Applications/ti/ccsv6/tools/compiler/ti-cgt-arm_15.12.1.LTS/lib/</path>
         <kind>archive</kind>
         <file>rtsv7M4_T_le_v4SPD16_eabi.lib</file>
         <name>startup.obj</name>
      </input_file>
   </input_file_list>
   <object_component_list>
      <object_component id="oc-28">
         <name>.intvecs:retain</name>
         <load_address>0x0</load_address>
         <run_address>0x0</run_address>
         <size>0x140</size>
         <input_file_ref idref="fl-4"/>
      </object_component>
      <object_component id="oc-f7">
         <name>.text</name>
         <load_address>0x140</load_address>
         <run_address>0x140</run_address>
         <size>0xd7c</size>
         <input_file_ref idref="fl-b"/>
      </object_component>
      <object_component id="oc-79">
         <name>.text</name>
         <load_address>0xebc</load_address>
         <run_address>0xebc</run_address>
         <size>0xca8</size>
         <input_file_ref idref="fl-2"/>
      </object_component>
      <object_component id="oc-11e">
         <name>.text</name>
         <load_address>0x1b64</load_address>
         <run_address>0x1b64</run_address>
         <size>0x8e0</size>
         <input_file_ref idref="fl-6"/>
      </object_component>
      <object_component id="oc-112">
         <name>.text</name>
         <load_address>0x2444</load_address>
         <run_address>0x2444</run_address>
         <size>0x8a4</size>
         <input_file_ref idref="fl-19"/>
      </object_component>
      <object_component id="oc-dc">
         <name>.text</name>
         <load_address>0x2ce8</load_address>
         <run_address>0x2ce8</run_address>
         <size>0x7a8</size>
         <input_file_ref idref="fl-10"/>
      </object_component>
      <object_component id="oc-d0">
         <name>.text</name>
         <load_address>0x3490</load_address>
         <run_address>0x3490</run_address>
         <size>0x480</size>
         <input_file_ref idref="fl-f"/>
      </object_component>
      <object_component id="oc-be">
         <name>.text</name>
         <load_address>0x3910</load_address>
         <run_address>0x3910</run_address>
         <size>0x41c</size>
         <input_file_ref idref="fl-1e"/>
      </object_component>
      <object_component id="oc-d6">
         <name>.text</name>
         <load_address>0x3d2c</load_address>
         <run_address>0x3d2c</run_address>
         <size>0x3f0</size>
         <input_file_ref idref="fl-11"/>
      </object_component>
      <object_component id="oc-b7">
         <name>.text</name>
         <load_address>0x411c</load_address>
         <run_address>0x411c</run_address>
         <size>0x348</size>
         <input_file_ref idref="fl-5"/>
      </object_component>
      <object_component id="oc-c4">
         <name>.text</name>
         <load_address>0x4464</load_address>
         <run_address>0x4464</run_address>
         <size>0x244</size>
         <input_file_ref idref="fl-3"/>
      </object_component>
      <object_component id="oc-1cd">
         <name>.text</name>
         <load_address>0x46a8</load_address>
         <run_address>0x46a8</run_address>
         <size>0x244</size>
         <input_file_ref idref="fl-1a"/>
      </object_component>
      <object_component id="oc-fd">
         <name>.text</name>
         <load_address>0x48ec</load_address>
         <run_address>0x48ec</run_address>
         <size>0x21e</size>
         <input_file_ref idref="fl-e1"/>
      </object_component>
      <object_component id="oc-1dd">
         <name>.text</name>
         <load_address>0x4b0a</load_address>
         <run_address>0x4b0a</run_address>
         <size>0x1b6</size>
         <input_file_ref idref="fl-ee"/>
      </object_component>
      <object_component id="oc-1e2">
         <name>.text</name>
         <load_address>0x4cc0</load_address>
         <run_address>0x4cc0</run_address>
         <size>0xf8</size>
         <input_file_ref idref="fl-f1"/>
      </object_component>
      <object_component id="oc-107">
         <name>.text</name>
         <load_address>0x4db8</load_address>
         <run_address>0x4db8</run_address>
         <size>0xc0</size>
         <input_file_ref idref="fl-e7"/>
      </object_component>
      <object_component id="oc-2c">
         <name>.text</name>
         <load_address>0x4e78</load_address>
         <run_address>0x4e78</run_address>
         <size>0x9c</size>
         <input_file_ref idref="fl-e3"/>
      </object_component>
      <object_component id="oc-1e8">
         <name>.text:__aeabi_cdcmple</name>
         <load_address>0x4f14</load_address>
         <run_address>0x4f14</run_address>
         <size>0x86</size>
         <input_file_ref idref="fl-ef"/>
      </object_component>
      <object_component id="oc-240">
         <name>.text:__aeabi_cdrcmple</name>
         <load_address>0x4f9a</load_address>
         <run_address>0x4f9a</run_address>
         <size>0x86</size>
         <input_file_ref idref="fl-ef"/>
      </object_component>
      <object_component id="oc-45">
         <name>.text</name>
         <load_address>0x5020</load_address>
         <run_address>0x5020</run_address>
         <size>0x7a</size>
         <input_file_ref idref="fl-e4"/>
      </object_component>
      <object_component id="oc-1d5">
         <name>.text</name>
         <load_address>0x509a</load_address>
         <run_address>0x509a</run_address>
         <size>0x2</size>
         <input_file_ref idref="fl-f0"/>
      </object_component>
      <object_component id="oc-5d">
         <name>.text</name>
         <load_address>0x509c</load_address>
         <run_address>0x509c</run_address>
         <size>0x70</size>
         <input_file_ref idref="fl-ec"/>
      </object_component>
      <object_component id="oc-38">
         <name>.text</name>
         <load_address>0x510c</load_address>
         <run_address>0x510c</run_address>
         <size>0x6a</size>
         <input_file_ref idref="fl-dc"/>
      </object_component>
      <object_component id="oc-10d">
         <name>.text</name>
         <load_address>0x5176</load_address>
         <run_address>0x5176</run_address>
         <size>0x5c</size>
         <input_file_ref idref="fl-e0"/>
      </object_component>
      <object_component id="oc-51">
         <name>.text</name>
         <load_address>0x51d2</load_address>
         <run_address>0x51d2</run_address>
         <size>0x2</size>
         <input_file_ref idref="fl-e5"/>
      </object_component>
      <object_component id="oc-22">
         <name>.text</name>
         <load_address>0x51d4</load_address>
         <run_address>0x51d4</run_address>
         <size>0x54</size>
         <input_file_ref idref="fl-da"/>
      </object_component>
      <object_component id="oc-69">
         <name>.text</name>
         <load_address>0x5228</load_address>
         <run_address>0x5228</run_address>
         <size>0x54</size>
         <input_file_ref idref="fl-df"/>
      </object_component>
      <object_component id="oc-f1">
         <name>.text</name>
         <load_address>0x527c</load_address>
         <run_address>0x527c</run_address>
         <size>0x4c</size>
         <input_file_ref idref="fl-d9"/>
      </object_component>
      <object_component id="oc-9c">
         <name>.text</name>
         <load_address>0x52c8</load_address>
         <run_address>0x52c8</run_address>
         <size>0x4c</size>
         <input_file_ref idref="fl-ed"/>
      </object_component>
      <object_component id="oc-102">
         <name>.text</name>
         <load_address>0x5314</load_address>
         <run_address>0x5314</run_address>
         <size>0x40</size>
         <input_file_ref idref="fl-e2"/>
      </object_component>
      <object_component id="oc-179">
         <name>.text</name>
         <load_address>0x5354</load_address>
         <run_address>0x5354</run_address>
         <size>0x3e</size>
         <input_file_ref idref="fl-9"/>
      </object_component>
      <object_component id="oc-a2">
         <name>.text</name>
         <load_address>0x5392</load_address>
         <run_address>0x5392</run_address>
         <size>0x2</size>
         <input_file_ref idref="fl-f2"/>
      </object_component>
      <object_component id="oc-63">
         <name>.text</name>
         <load_address>0x5394</load_address>
         <run_address>0x5394</run_address>
         <size>0x18</size>
         <input_file_ref idref="fl-eb"/>
      </object_component>
      <object_component id="oc-152">
         <name>.text</name>
         <load_address>0x53ac</load_address>
         <run_address>0x53ac</run_address>
         <size>0x14</size>
         <input_file_ref idref="fl-ea"/>
      </object_component>
      <object_component id="oc-ca">
         <name>.text</name>
         <load_address>0x53c0</load_address>
         <run_address>0x53c0</run_address>
         <size>0x14</size>
         <input_file_ref idref="fl-e9"/>
      </object_component>
      <object_component id="oc-73">
         <name>.text</name>
         <load_address>0x53d4</load_address>
         <run_address>0x53d4</run_address>
         <size>0x12</size>
         <input_file_ref idref="fl-4"/>
      </object_component>
      <object_component id="oc-10">
         <name>.text:decompress:none</name>
         <load_address>0x53e6</load_address>
         <run_address>0x53e6</run_address>
         <size>0xe</size>
         <input_file_ref idref="fl-db"/>
      </object_component>
      <object_component id="oc-16">
         <name>.text:decompress:rle24</name>
         <load_address>0x53f4</load_address>
         <run_address>0x53f4</run_address>
         <size>0x6</size>
         <input_file_ref idref="fl-dc"/>
      </object_component>
      <object_component id="oc-57">
         <name>.text</name>
         <load_address>0x53fa</load_address>
         <run_address>0x53fa</run_address>
         <size>0x4</size>
         <input_file_ref idref="fl-e6"/>
      </object_component>
      <object_component id="oc-12a">
         <name>.const:clock_reg</name>
         <load_address>0x5400</load_address>
         <run_address>0x5400</run_address>
         <size>0x1d0</size>
         <input_file_ref idref="fl-2"/>
      </object_component>
      <object_component id="oc-1c5">
         <name>.const:.string:_ctypes_</name>
         <load_address>0x55d0</load_address>
         <run_address>0x55d0</run_address>
         <size>0x101</size>
         <input_file_ref idref="fl-de"/>
      </object_component>
      <object_component id="oc-127">
         <name>.const</name>
         <load_address>0x56d1</load_address>
         <run_address>0x56d1</run_address>
         <size>0x1</size>
         <input_file_ref idref="fl-2"/>
      </object_component>
      <object_component id="oc-1f6">
         <name>.const:_ctlRegs</name>
         <load_address>0x56d4</load_address>
         <run_address>0x56d4</run_address>
         <size>0x80</size>
         <input_file_ref idref="fl-6"/>
      </object_component>
      <object_component id="oc-185">
         <name>.const:g_pulRegs</name>
         <load_address>0x5754</load_address>
         <run_address>0x5754</run_address>
         <size>0x50</size>
         <input_file_ref idref="fl-11"/>
      </object_component>
      <object_component id="oc-165">
         <name>.const:dv</name>
         <load_address>0x57a4</load_address>
         <run_address>0x57a4</run_address>
         <size>0x28</size>
         <input_file_ref idref="fl-3"/>
      </object_component>
      <object_component id="oc-118">
         <name>.const:uartConfig</name>
         <load_address>0x57cc</load_address>
         <run_address>0x57cc</run_address>
         <size>0x24</size>
         <input_file_ref idref="fl-2"/>
      </object_component>
      <object_component id="oc-182">
         <name>.const:g_pulPriority</name>
         <load_address>0x57f0</load_address>
         <run_address>0x57f0</run_address>
         <size>0x20</size>
         <input_file_ref idref="fl-11"/>
      </object_component>
      <object_component id="oc-174">
         <name>.const:GPIO_PORT_TO_INT</name>
         <load_address>0x5810</load_address>
         <run_address>0x5810</run_address>
         <size>0x1c</size>
         <input_file_ref idref="fl-f"/>
      </object_component>
      <object_component id="oc-11b">
         <name>.const:spiMasterConfig</name>
         <load_address>0x582c</load_address>
         <run_address>0x582c</run_address>
         <size>0x1c</size>
         <input_file_ref idref="fl-2"/>
      </object_component>
      <object_component id="oc-124">
         <name>.const:i2cConfig</name>
         <load_address>0x5848</load_address>
         <run_address>0x5848</run_address>
         <size>0x14</size>
         <input_file_ref idref="fl-2"/>
      </object_component>
      <object_component id="oc-164">
         <name>.const:.string:hex$1</name>
         <load_address>0x585c</load_address>
         <run_address>0x585c</run_address>
         <size>0x10</size>
         <input_file_ref idref="fl-3"/>
      </object_component>
      <object_component id="oc-18b">
         <name>.const:g_pulDisRegs</name>
         <load_address>0x586c</load_address>
         <run_address>0x586c</run_address>
         <size>0x8</size>
         <input_file_ref idref="fl-11"/>
      </object_component>
      <object_component id="oc-188">
         <name>.const:g_pulEnRegs</name>
         <load_address>0x5874</load_address>
         <run_address>0x5874</run_address>
         <size>0x8</size>
         <input_file_ref idref="fl-11"/>
      </object_component>
      <object_component id="oc-18e">
         <name>.const:g_pulPendRegs</name>
         <load_address>0x587c</load_address>
         <run_address>0x587c</run_address>
         <size>0x8</size>
         <input_file_ref idref="fl-11"/>
      </object_component>
      <object_component id="oc-191">
         <name>.const:g_pulUnpendRegs</name>
         <load_address>0x5884</load_address>
         <run_address>0x5884</run_address>
         <size>0x8</size>
         <input_file_ref idref="fl-11"/>
      </object_component>
      <object_component id="oc-27f">
         <name>.cinit..data.load</name>
         <load_address>0x5890</load_address>
         <run_address>0x5890</run_address>
         <size>0x48</size>
      </object_component>
      <object_component id="oc-280">
         <name>.cinit..bss.load</name>
         <load_address>0x58d8</load_address>
         <run_address>0x58d8</run_address>
         <size>0x9</size>
      </object_component>
      <object_component id="oc-27e">
         <name>.cinit..vtable.load</name>
         <load_address>0x58e8</load_address>
         <run_address>0x58e8</run_address>
         <size>0x9</size>
      </object_component>
      <object_component id="oc-27c">
         <name>__TI_handler_table</name>
         <load_address>0x58f4</load_address>
         <run_address>0x58f4</run_address>
         <size>0x8</size>
      </object_component>
      <object_component id="oc-27d">
         <name>__TI_cinit_table</name>
         <load_address>0x58fc</load_address>
         <run_address>0x58fc</run_address>
         <size>0x18</size>
      </object_component>
      <object_component id="oc-17f">
         <name>.vtable</name>
         <uninitialized>true</uninitialized>
         <run_address>0x20000000</run_address>
         <size>0xe4</size>
         <input_file_ref idref="fl-11"/>
      </object_component>
      <object_component id="oc-e8">
         <name>.data:resultsBuffer</name>
         <load_address>0x20000220</load_address>
         <run_address>0x20000220</run_address>
         <size>0x8</size>
         <input_file_ref idref="fl-2"/>
      </object_component>
      <object_component id="oc-e5">
         <name>.data</name>
         <load_address>0x200001fc</load_address>
         <run_address>0x200001fc</run_address>
         <size>0x10</size>
         <input_file_ref idref="fl-2"/>
      </object_component>
      <object_component id="oc-15e">
         <name>.data</name>
         <load_address>0x2000022c</load_address>
         <run_address>0x2000022c</run_address>
         <size>0x4</size>
         <input_file_ref idref="fl-5"/>
      </object_component>
      <object_component id="oc-171">
         <name>.data:GPIO_PORT_TO_BASE</name>
         <load_address>0x200001cc</load_address>
         <run_address>0x200001cc</run_address>
         <size>0x30</size>
         <input_file_ref idref="fl-f"/>
      </object_component>
      <object_component id="oc-ac">
         <name>.data:$O1$$</name>
         <load_address>0x2000020c</load_address>
         <run_address>0x2000020c</run_address>
         <size>0xc</size>
         <input_file_ref idref="fl-df"/>
      </object_component>
      <object_component id="oc-6f">
         <name>.data</name>
         <load_address>0x20000228</load_address>
         <run_address>0x20000228</run_address>
         <size>0x4</size>
         <input_file_ref idref="fl-e8"/>
      </object_component>
      <object_component id="oc-af">
         <name>.data:$O1$$</name>
         <load_address>0x20000218</load_address>
         <run_address>0x20000218</run_address>
         <size>0x8</size>
         <input_file_ref idref="fl-ea"/>
      </object_component>
      <object_component id="oc-eb">
         <name>.bss</name>
         <uninitialized>true</uninitialized>
         <run_address>0x200001a0</run_address>
         <size>0x24</size>
         <input_file_ref idref="fl-2"/>
      </object_component>
      <object_component id="oc-ee">
         <name>.bss:i2cRXData</name>
         <uninitialized>true</uninitialized>
         <run_address>0x200000e4</run_address>
         <size>0x6c</size>
         <input_file_ref idref="fl-2"/>
      </object_component>
      <object_component id="oc-1ca">
         <name>.bss</name>
         <uninitialized>true</uninitialized>
         <run_address>0x200001c4</run_address>
         <size>0x8</size>
         <input_file_ref idref="fl-b"/>
      </object_component>
      <object_component id="oc-e2">
         <name>.common:uartRXData</name>
         <uninitialized>true</uninitialized>
         <run_address>0x20000150</run_address>
         <size>0x50</size>
      </object_component>
      <object_component id="oc-2b">
         <name>.stack</name>
         <uninitialized>true</uninitialized>
         <run_address>0x2000fc00</run_address>
         <size>0x0</size>
         <input_file_ref idref="fl-da"/>
      </object_component>
      <object_component id="oc-281">
         <name>.stack</name>
         <uninitialized>true</uninitialized>
         <run_address>0x2000fc00</run_address>
         <size>0x0</size>
      </object_component>
      <object_component id="oc-e3">
         <name>.debug_info</name>
         <load_address>0x0</load_address>
         <run_address>0x0</run_address>
         <size>0xe22</size>
         <input_file_ref idref="fl-2"/>
      </object_component>
      <object_component id="oc-128">
         <name>.debug_info</name>
         <load_address>0xe22</load_address>
         <run_address>0xe22</run_address>
         <size>0xcd</size>
         <input_file_ref idref="fl-2"/>
      </object_component>
      <object_component id="oc-ec">
         <name>.debug_info</name>
         <load_address>0xeef</load_address>
         <run_address>0xeef</run_address>
         <size>0x132</size>
         <input_file_ref idref="fl-2"/>
      </object_component>
      <object_component id="oc-ef">
         <name>.debug_info</name>
         <load_address>0x1021</load_address>
         <run_address>0x1021</run_address>
         <size>0xce</size>
         <input_file_ref idref="fl-2"/>
      </object_component>
      <object_component id="oc-12b">
         <name>.debug_info</name>
         <load_address>0x10ef</load_address>
         <run_address>0x10ef</run_address>
         <size>0xcf</size>
         <input_file_ref idref="fl-2"/>
      </object_component>
      <object_component id="oc-125">
         <name>.debug_info</name>
         <load_address>0x11be</load_address>
         <run_address>0x11be</run_address>
         <size>0xcf</size>
         <input_file_ref idref="fl-2"/>
      </object_component>
      <object_component id="oc-e9">
         <name>.debug_info</name>
         <load_address>0x128d</load_address>
         <run_address>0x128d</run_address>
         <size>0xd7</size>
         <input_file_ref idref="fl-2"/>
      </object_component>
      <object_component id="oc-119">
         <name>.debug_info</name>
         <load_address>0x1364</load_address>
         <run_address>0x1364</run_address>
         <size>0xd1</size>
         <input_file_ref idref="fl-2"/>
      </object_component>
      <object_component id="oc-e6">
         <name>.debug_info</name>
         <load_address>0x1435</load_address>
         <run_address>0x1435</run_address>
         <size>0xde</size>
         <input_file_ref idref="fl-2"/>
      </object_component>
      <object_component id="oc-11c">
         <name>.debug_info</name>
         <load_address>0x1513</load_address>
         <run_address>0x1513</run_address>
         <size>0xdb</size>
         <input_file_ref idref="fl-2"/>
      </object_component>
      <object_component id="oc-7a">
         <name>.debug_info</name>
         <load_address>0x15ee</load_address>
         <run_address>0x15ee</run_address>
         <size>0x174c</size>
         <input_file_ref idref="fl-2"/>
      </object_component>
      <object_component id="oc-19a">
         <name>.debug_info</name>
         <load_address>0x2d3a</load_address>
         <run_address>0x2d3a</run_address>
         <size>0x9a</size>
         <input_file_ref idref="fl-2"/>
      </object_component>
      <object_component id="oc-1a4">
         <name>.debug_info</name>
         <load_address>0x2dd4</load_address>
         <run_address>0x2dd4</run_address>
         <size>0x103e</size>
         <input_file_ref idref="fl-2"/>
      </object_component>
      <object_component id="oc-19f">
         <name>.debug_info</name>
         <load_address>0x3e12</load_address>
         <run_address>0x3e12</run_address>
         <size>0x36f2</size>
         <input_file_ref idref="fl-2"/>
      </object_component>
      <object_component id="oc-239">
         <name>.debug_info</name>
         <load_address>0x7504</load_address>
         <run_address>0x7504</run_address>
         <size>0x1b5</size>
         <input_file_ref idref="fl-2"/>
      </object_component>
      <object_component id="oc-1b8">
         <name>.debug_info</name>
         <load_address>0x76b9</load_address>
         <run_address>0x76b9</run_address>
         <size>0x110</size>
         <input_file_ref idref="fl-2"/>
      </object_component>
      <object_component id="oc-12e">
         <name>.debug_info</name>
         <load_address>0x77c9</load_address>
         <run_address>0x77c9</run_address>
         <size>0x8b</size>
         <input_file_ref idref="fl-2"/>
      </object_component>
      <object_component id="oc-133">
         <name>.debug_info</name>
         <load_address>0x7854</load_address>
         <run_address>0x7854</run_address>
         <size>0x18b</size>
         <input_file_ref idref="fl-2"/>
      </object_component>
      <object_component id="oc-1a9">
         <name>.debug_info</name>
         <load_address>0x79df</load_address>
         <run_address>0x79df</run_address>
         <size>0x131</size>
         <input_file_ref idref="fl-2"/>
      </object_component>
      <object_component id="oc-1ae">
         <name>.debug_info</name>
         <load_address>0x7b10</load_address>
         <run_address>0x7b10</run_address>
         <size>0xee</size>
         <input_file_ref idref="fl-2"/>
      </object_component>
      <object_component id="oc-1b3">
         <name>.debug_info</name>
         <load_address>0x7bfe</load_address>
         <run_address>0x7bfe</run_address>
         <size>0xa7</size>
         <input_file_ref idref="fl-2"/>
      </object_component>
      <object_component id="oc-169">
         <name>.debug_info</name>
         <load_address>0x7ca5</load_address>
         <run_address>0x7ca5</run_address>
         <size>0x3f6</size>
         <input_file_ref idref="fl-3"/>
      </object_component>
      <object_component id="oc-166">
         <name>.debug_info</name>
         <load_address>0x809b</load_address>
         <run_address>0x809b</run_address>
         <size>0xc2</size>
         <input_file_ref idref="fl-3"/>
      </object_component>
      <object_component id="oc-c5">
         <name>.debug_info</name>
         <load_address>0x815d</load_address>
         <run_address>0x815d</run_address>
         <size>0x42d</size>
         <input_file_ref idref="fl-3"/>
      </object_component>
      <object_component id="oc-8a">
         <name>.debug_info</name>
         <load_address>0x858a</load_address>
         <run_address>0x858a</run_address>
         <size>0x84</size>
         <input_file_ref idref="fl-3"/>
      </object_component>
      <object_component id="oc-16a">
         <name>.debug_info</name>
         <load_address>0x860e</load_address>
         <run_address>0x860e</run_address>
         <size>0x4e</size>
         <input_file_ref idref="fl-3"/>
      </object_component>
      <object_component id="oc-81">
         <name>.debug_info</name>
         <load_address>0x865c</load_address>
         <run_address>0x865c</run_address>
         <size>0x18b</size>
         <input_file_ref idref="fl-4"/>
      </object_component>
      <object_component id="oc-29">
         <name>.debug_info</name>
         <load_address>0x87e7</load_address>
         <run_address>0x87e7</run_address>
         <size>0xf0</size>
         <input_file_ref idref="fl-4"/>
      </object_component>
      <object_component id="oc-74">
         <name>.debug_info</name>
         <load_address>0x88d7</load_address>
         <run_address>0x88d7</run_address>
         <size>0x257</size>
         <input_file_ref idref="fl-4"/>
      </object_component>
      <object_component id="oc-15f">
         <name>.debug_info</name>
         <load_address>0x8b2e</load_address>
         <run_address>0x8b2e</run_address>
         <size>0xe9</size>
         <input_file_ref idref="fl-5"/>
      </object_component>
      <object_component id="oc-b8">
         <name>.debug_info</name>
         <load_address>0x8c17</load_address>
         <run_address>0x8c17</run_address>
         <size>0x25b</size>
         <input_file_ref idref="fl-5"/>
      </object_component>
      <object_component id="oc-1fa">
         <name>.debug_info</name>
         <load_address>0x8e72</load_address>
         <run_address>0x8e72</run_address>
         <size>0x4e0</size>
         <input_file_ref idref="fl-6"/>
      </object_component>
      <object_component id="oc-1f7">
         <name>.debug_info</name>
         <load_address>0x9352</load_address>
         <run_address>0x9352</run_address>
         <size>0xe2</size>
         <input_file_ref idref="fl-6"/>
      </object_component>
      <object_component id="oc-11f">
         <name>.debug_info</name>
         <load_address>0x9434</load_address>
         <run_address>0x9434</run_address>
         <size>0x22f3</size>
         <input_file_ref idref="fl-6"/>
      </object_component>
      <object_component id="oc-17a">
         <name>.debug_info</name>
         <load_address>0xb727</load_address>
         <run_address>0xb727</run_address>
         <size>0x3bf</size>
         <input_file_ref idref="fl-9"/>
      </object_component>
      <object_component id="oc-1d4">
         <name>.debug_info</name>
         <load_address>0xbae6</load_address>
         <run_address>0xbae6</run_address>
         <size>0x5d2</size>
         <input_file_ref idref="fl-b"/>
      </object_component>
      <object_component id="oc-1cb">
         <name>.debug_info</name>
         <load_address>0xc0b8</load_address>
         <run_address>0xc0b8</run_address>
         <size>0xff</size>
         <input_file_ref idref="fl-b"/>
      </object_component>
      <object_component id="oc-f8">
         <name>.debug_info</name>
         <load_address>0xc1b7</load_address>
         <run_address>0xc1b7</run_address>
         <size>0x22d9</size>
         <input_file_ref idref="fl-b"/>
      </object_component>
      <object_component id="oc-178">
         <name>.debug_info</name>
         <load_address>0xe490</load_address>
         <run_address>0xe490</run_address>
         <size>0x4db</size>
         <input_file_ref idref="fl-f"/>
      </object_component>
      <object_component id="oc-175">
         <name>.debug_info</name>
         <load_address>0xe96b</load_address>
         <run_address>0xe96b</run_address>
         <size>0xf1</size>
         <input_file_ref idref="fl-f"/>
      </object_component>
      <object_component id="oc-172">
         <name>.debug_info</name>
         <load_address>0xea5c</load_address>
         <run_address>0xea5c</run_address>
         <size>0xf3</size>
         <input_file_ref idref="fl-f"/>
      </object_component>
      <object_component id="oc-d1">
         <name>.debug_info</name>
         <load_address>0xeb4f</load_address>
         <run_address>0xeb4f</run_address>
         <size>0x19f4</size>
         <input_file_ref idref="fl-f"/>
      </object_component>
      <object_component id="oc-197">
         <name>.debug_info</name>
         <load_address>0x10543</load_address>
         <run_address>0x10543</run_address>
         <size>0x4ca</size>
         <input_file_ref idref="fl-10"/>
      </object_component>
      <object_component id="oc-dd">
         <name>.debug_info</name>
         <load_address>0x10a0d</load_address>
         <run_address>0x10a0d</run_address>
         <size>0x2d15</size>
         <input_file_ref idref="fl-10"/>
      </object_component>
      <object_component id="oc-195">
         <name>.debug_info</name>
         <load_address>0x13722</load_address>
         <run_address>0x13722</run_address>
         <size>0x469</size>
         <input_file_ref idref="fl-11"/>
      </object_component>
      <object_component id="oc-183">
         <name>.debug_info</name>
         <load_address>0x13b8b</load_address>
         <run_address>0x13b8b</run_address>
         <size>0xf0</size>
         <input_file_ref idref="fl-11"/>
      </object_component>
      <object_component id="oc-186">
         <name>.debug_info</name>
         <load_address>0x13c7b</load_address>
         <run_address>0x13c7b</run_address>
         <size>0xe8</size>
         <input_file_ref idref="fl-11"/>
      </object_component>
      <object_component id="oc-189">
         <name>.debug_info</name>
         <load_address>0x13d63</load_address>
         <run_address>0x13d63</run_address>
         <size>0xec</size>
         <input_file_ref idref="fl-11"/>
      </object_component>
      <object_component id="oc-18c">
         <name>.debug_info</name>
         <load_address>0x13e4f</load_address>
         <run_address>0x13e4f</run_address>
         <size>0xee</size>
         <input_file_ref idref="fl-11"/>
      </object_component>
      <object_component id="oc-18f">
         <name>.debug_info</name>
         <load_address>0x13f3d</load_address>
         <run_address>0x13f3d</run_address>
         <size>0xf0</size>
         <input_file_ref idref="fl-11"/>
      </object_component>
      <object_component id="oc-192">
         <name>.debug_info</name>
         <load_address>0x1402d</load_address>
         <run_address>0x1402d</run_address>
         <size>0xf4</size>
         <input_file_ref idref="fl-11"/>
      </object_component>
      <object_component id="oc-180">
         <name>.debug_info</name>
         <load_address>0x14121</load_address>
         <run_address>0x14121</run_address>
         <size>0xf5</size>
         <input_file_ref idref="fl-11"/>
      </object_component>
      <object_component id="oc-d7">
         <name>.debug_info</name>
         <load_address>0x14216</load_address>
         <run_address>0x14216</run_address>
         <size>0x1198</size>
         <input_file_ref idref="fl-11"/>
      </object_component>
      <object_component id="oc-1f1">
         <name>.debug_info</name>
         <load_address>0x153ae</load_address>
         <run_address>0x153ae</run_address>
         <size>0x4cf</size>
         <input_file_ref idref="fl-19"/>
      </object_component>
      <object_component id="oc-113">
         <name>.debug_info</name>
         <load_address>0x1587d</load_address>
         <run_address>0x1587d</run_address>
         <size>0x3d60</size>
         <input_file_ref idref="fl-19"/>
      </object_component>
      <object_component id="oc-236">
         <name>.debug_info</name>
         <load_address>0x195dd</load_address>
         <run_address>0x195dd</run_address>
         <size>0x3a1</size>
         <input_file_ref idref="fl-1a"/>
      </object_component>
      <object_component id="oc-1ce">
         <name>.debug_info</name>
         <load_address>0x1997e</load_address>
         <run_address>0x1997e</run_address>
         <size>0xe97</size>
         <input_file_ref idref="fl-1a"/>
      </object_component>
      <object_component id="oc-163">
         <name>.debug_info</name>
         <load_address>0x1a815</load_address>
         <run_address>0x1a815</run_address>
         <size>0x4c5</size>
         <input_file_ref idref="fl-1e"/>
      </object_component>
      <object_component id="oc-bf">
         <name>.debug_info</name>
         <load_address>0x1acda</load_address>
         <run_address>0x1acda</run_address>
         <size>0x1616</size>
         <input_file_ref idref="fl-1e"/>
      </object_component>
      <object_component id="oc-1c9">
         <name>.debug_info</name>
         <load_address>0x1c2f0</load_address>
         <run_address>0x1c2f0</run_address>
         <size>0x130</size>
         <input_file_ref idref="fl-d9"/>
      </object_component>
      <object_component id="oc-f2">
         <name>.debug_info</name>
         <load_address>0x1c420</load_address>
         <run_address>0x1c420</run_address>
         <size>0x18d</size>
         <input_file_ref idref="fl-d9"/>
      </object_component>
      <object_component id="oc-23">
         <name>.debug_info</name>
         <load_address>0x1c5ad</load_address>
         <run_address>0x1c5ad</run_address>
         <size>0x17c</size>
         <input_file_ref idref="fl-da"/>
      </object_component>
      <object_component id="oc-37">
         <name>.debug_info</name>
         <load_address>0x1c729</load_address>
         <run_address>0x1c729</run_address>
         <size>0x15c</size>
         <input_file_ref idref="fl-db"/>
      </object_component>
      <object_component id="oc-13">
         <name>.debug_info</name>
         <load_address>0x1c885</load_address>
         <run_address>0x1c885</run_address>
         <size>0x1fb</size>
         <input_file_ref idref="fl-db"/>
      </object_component>
      <object_component id="oc-32">
         <name>.debug_info</name>
         <load_address>0x1ca80</load_address>
         <run_address>0x1ca80</run_address>
         <size>0x46</size>
         <input_file_ref idref="fl-db"/>
      </object_component>
      <object_component id="oc-83">
         <name>.debug_info</name>
         <load_address>0x1cac6</load_address>
         <run_address>0x1cac6</run_address>
         <size>0x2c</size>
         <input_file_ref idref="fl-db"/>
      </object_component>
      <object_component id="oc-3f">
         <name>.debug_info</name>
         <load_address>0x1caf2</load_address>
         <run_address>0x1caf2</run_address>
         <size>0x150</size>
         <input_file_ref idref="fl-dc"/>
      </object_component>
      <object_component id="oc-3b">
         <name>.debug_info</name>
         <load_address>0x1cc42</load_address>
         <run_address>0x1cc42</run_address>
         <size>0x263</size>
         <input_file_ref idref="fl-dc"/>
      </object_component>
      <object_component id="oc-19">
         <name>.debug_info</name>
         <load_address>0x1cea5</load_address>
         <run_address>0x1cea5</run_address>
         <size>0x1cd</size>
         <input_file_ref idref="fl-dc"/>
      </object_component>
      <object_component id="oc-40">
         <name>.debug_info</name>
         <load_address>0x1d072</load_address>
         <run_address>0x1d072</run_address>
         <size>0x39</size>
         <input_file_ref idref="fl-dc"/>
      </object_component>
      <object_component id="oc-92">
         <name>.debug_info</name>
         <load_address>0x1d0ab</load_address>
         <run_address>0x1d0ab</run_address>
         <size>0x2c</size>
         <input_file_ref idref="fl-dc"/>
      </object_component>
      <object_component id="oc-230">
         <name>.debug_info</name>
         <load_address>0x1d0d7</load_address>
         <run_address>0x1d0d7</run_address>
         <size>0x10a</size>
         <input_file_ref idref="fl-de"/>
      </object_component>
      <object_component id="oc-1c6">
         <name>.debug_info</name>
         <load_address>0x1d1e1</load_address>
         <run_address>0x1d1e1</run_address>
         <size>0x116</size>
         <input_file_ref idref="fl-de"/>
      </object_component>
      <object_component id="oc-b3">
         <name>.debug_info</name>
         <load_address>0x1d2f7</load_address>
         <run_address>0x1d2f7</run_address>
         <size>0x250</size>
         <input_file_ref idref="fl-df"/>
      </object_component>
      <object_component id="oc-ad">
         <name>.debug_info</name>
         <load_address>0x1d547</load_address>
         <run_address>0x1d547</run_address>
         <size>0x1a1</size>
         <input_file_ref idref="fl-df"/>
      </object_component>
      <object_component id="oc-6c">
         <name>.debug_info</name>
         <load_address>0x1d6e8</load_address>
         <run_address>0x1d6e8</run_address>
         <size>0x230</size>
         <input_file_ref idref="fl-df"/>
      </object_component>
      <object_component id="oc-10f">
         <name>.debug_info</name>
         <load_address>0x1d918</load_address>
         <run_address>0x1d918</run_address>
         <size>0x14f</size>
         <input_file_ref idref="fl-e0"/>
      </object_component>
      <object_component id="oc-fe">
         <name>.debug_info</name>
         <load_address>0x1da67</load_address>
         <run_address>0x1da67</run_address>
         <size>0x156</size>
         <input_file_ref idref="fl-e1"/>
      </object_component>
      <object_component id="oc-103">
         <name>.debug_info</name>
         <load_address>0x1dbbd</load_address>
         <run_address>0x1dbbd</run_address>
         <size>0x13b</size>
         <input_file_ref idref="fl-e2"/>
      </object_component>
      <object_component id="oc-2d">
         <name>.debug_info</name>
         <load_address>0x1dcf8</load_address>
         <run_address>0x1dcf8</run_address>
         <size>0x12d</size>
         <input_file_ref idref="fl-e3"/>
      </object_component>
      <object_component id="oc-46">
         <name>.debug_info</name>
         <load_address>0x1de25</load_address>
         <run_address>0x1de25</run_address>
         <size>0x15b</size>
         <input_file_ref idref="fl-e4"/>
      </object_component>
      <object_component id="oc-52">
         <name>.debug_info</name>
         <load_address>0x1df80</load_address>
         <run_address>0x1df80</run_address>
         <size>0x154</size>
         <input_file_ref idref="fl-e5"/>
      </object_component>
      <object_component id="oc-58">
         <name>.debug_info</name>
         <load_address>0x1e0d4</load_address>
         <run_address>0x1e0d4</run_address>
         <size>0x164</size>
         <input_file_ref idref="fl-e6"/>
      </object_component>
      <object_component id="oc-1ee">
         <name>.debug_info</name>
         <load_address>0x1e238</load_address>
         <run_address>0x1e238</run_address>
         <size>0x136</size>
         <input_file_ref idref="fl-e7"/>
      </object_component>
      <object_component id="oc-108">
         <name>.debug_info</name>
         <load_address>0x1e36e</load_address>
         <run_address>0x1e36e</run_address>
         <size>0x22a</size>
         <input_file_ref idref="fl-e7"/>
      </object_component>
      <object_component id="oc-70">
         <name>.debug_info</name>
         <load_address>0x1e598</load_address>
         <run_address>0x1e598</run_address>
         <size>0x125</size>
         <input_file_ref idref="fl-e8"/>
      </object_component>
      <object_component id="oc-170">
         <name>.debug_info</name>
         <load_address>0x1e6bd</load_address>
         <run_address>0x1e6bd</run_address>
         <size>0x106</size>
         <input_file_ref idref="fl-e9"/>
      </object_component>
      <object_component id="oc-cb">
         <name>.debug_info</name>
         <load_address>0x1e7c3</load_address>
         <run_address>0x1e7c3</run_address>
         <size>0x27c</size>
         <input_file_ref idref="fl-e9"/>
      </object_component>
      <object_component id="oc-15a">
         <name>.debug_info</name>
         <load_address>0x1ea3f</load_address>
         <run_address>0x1ea3f</run_address>
         <size>0x140</size>
         <input_file_ref idref="fl-ea"/>
      </object_component>
      <object_component id="oc-b0">
         <name>.debug_info</name>
         <load_address>0x1eb7f</load_address>
         <run_address>0x1eb7f</run_address>
         <size>0x12f</size>
         <input_file_ref idref="fl-ea"/>
      </object_component>
      <object_component id="oc-153">
         <name>.debug_info</name>
         <load_address>0x1ecae</load_address>
         <run_address>0x1ecae</run_address>
         <size>0x23b</size>
         <input_file_ref idref="fl-ea"/>
      </object_component>
      <object_component id="oc-ab">
         <name>.debug_info</name>
         <load_address>0x1eee9</load_address>
         <run_address>0x1eee9</run_address>
         <size>0x182</size>
         <input_file_ref idref="fl-eb"/>
      </object_component>
      <object_component id="oc-64">
         <name>.debug_info</name>
         <load_address>0x1f06b</load_address>
         <run_address>0x1f06b</run_address>
         <size>0x183</size>
         <input_file_ref idref="fl-eb"/>
      </object_component>
      <object_component id="oc-14b">
         <name>.debug_info</name>
         <load_address>0x1f1ee</load_address>
         <run_address>0x1f1ee</run_address>
         <size>0x5e</size>
         <input_file_ref idref="fl-eb"/>
      </object_component>
      <object_component id="oc-a9">
         <name>.debug_info</name>
         <load_address>0x1f24c</load_address>
         <run_address>0x1f24c</run_address>
         <size>0x305</size>
         <input_file_ref idref="fl-ec"/>
      </object_component>
      <object_component id="oc-5e">
         <name>.debug_info</name>
         <load_address>0x1f551</load_address>
         <run_address>0x1f551</run_address>
         <size>0x1ac</size>
         <input_file_ref idref="fl-ec"/>
      </object_component>
      <object_component id="oc-13f">
         <name>.debug_info</name>
         <load_address>0x1f6fd</load_address>
         <run_address>0x1f6fd</run_address>
         <size>0x39</size>
         <input_file_ref idref="fl-ec"/>
      </object_component>
      <object_component id="oc-144">
         <name>.debug_info</name>
         <load_address>0x1f736</load_address>
         <run_address>0x1f736</run_address>
         <size>0xcd</size>
         <input_file_ref idref="fl-ec"/>
      </object_component>
      <object_component id="oc-13b">
         <name>.debug_info</name>
         <load_address>0x1f803</load_address>
         <run_address>0x1f803</run_address>
         <size>0x1fc</size>
         <input_file_ref idref="fl-ed"/>
      </object_component>
      <object_component id="oc-9d">
         <name>.debug_info</name>
         <load_address>0x1f9ff</load_address>
         <run_address>0x1f9ff</run_address>
         <size>0x19f</size>
         <input_file_ref idref="fl-ed"/>
      </object_component>
      <object_component id="oc-203">
         <name>.debug_info</name>
         <load_address>0x1fb9e</load_address>
         <run_address>0x1fb9e</run_address>
         <size>0x2c</size>
         <input_file_ref idref="fl-ed"/>
      </object_component>
      <object_component id="oc-1de">
         <name>.debug_info</name>
         <load_address>0x1fbca</load_address>
         <run_address>0x1fbca</run_address>
         <size>0x160</size>
         <input_file_ref idref="fl-ee"/>
      </object_component>
      <object_component id="oc-1e9">
         <name>.debug_info</name>
         <load_address>0x1fd2a</load_address>
         <run_address>0x1fd2a</run_address>
         <size>0x13c</size>
         <input_file_ref idref="fl-ef"/>
      </object_component>
      <object_component id="oc-241">
         <name>.debug_info</name>
         <load_address>0x1fe66</load_address>
         <run_address>0x1fe66</run_address>
         <size>0x13e</size>
         <input_file_ref idref="fl-ef"/>
      </object_component>
      <object_component id="oc-1d6">
         <name>.debug_info</name>
         <load_address>0x1ffa4</load_address>
         <run_address>0x1ffa4</run_address>
         <size>0x163</size>
         <input_file_ref idref="fl-f0"/>
      </object_component>
      <object_component id="oc-246">
         <name>.debug_info</name>
         <load_address>0x20107</load_address>
         <run_address>0x20107</run_address>
         <size>0x150</size>
         <input_file_ref idref="fl-f1"/>
      </object_component>
      <object_component id="oc-1e3">
         <name>.debug_info</name>
         <load_address>0x20257</load_address>
         <run_address>0x20257</run_address>
         <size>0x23b</size>
         <input_file_ref idref="fl-f1"/>
      </object_component>
      <object_component id="oc-247">
         <name>.debug_info</name>
         <load_address>0x20492</load_address>
         <run_address>0x20492</run_address>
         <size>0x39</size>
         <input_file_ref idref="fl-f1"/>
      </object_component>
      <object_component id="oc-a3">
         <name>.debug_info</name>
         <load_address>0x204cb</load_address>
         <run_address>0x204cb</run_address>
         <size>0x161</size>
         <input_file_ref idref="fl-f2"/>
      </object_component>
      <object_component id="oc-282">
         <name>.debug_info</name>
         <load_address>0x2062c</load_address>
         <run_address>0x2062c</run_address>
         <size>0x9f</size>
      </object_component>
      <object_component id="oc-199">
         <name>.debug_line</name>
         <load_address>0x0</load_address>
         <run_address>0x0</run_address>
         <size>0x320</size>
         <input_file_ref idref="fl-2"/>
      </object_component>
      <object_component id="oc-1fe">
         <name>.debug_line</name>
         <load_address>0x320</load_address>
         <run_address>0x320</run_address>
         <size>0x2d</size>
         <input_file_ref idref="fl-2"/>
      </object_component>
      <object_component id="oc-1c2">
         <name>.debug_line</name>
         <load_address>0x34d</load_address>
         <run_address>0x34d</run_address>
         <size>0x2d</size>
         <input_file_ref idref="fl-2"/>
      </object_component>
      <object_component id="oc-1c4">
         <name>.debug_line</name>
         <load_address>0x37a</load_address>
         <run_address>0x37a</run_address>
         <size>0x2d</size>
         <input_file_ref idref="fl-2"/>
      </object_component>
      <object_component id="oc-200">
         <name>.debug_line</name>
         <load_address>0x3a7</load_address>
         <run_address>0x3a7</run_address>
         <size>0x2d</size>
         <input_file_ref idref="fl-2"/>
      </object_component>
      <object_component id="oc-1fc">
         <name>.debug_line</name>
         <load_address>0x3d4</load_address>
         <run_address>0x3d4</run_address>
         <size>0x2d</size>
         <input_file_ref idref="fl-2"/>
      </object_component>
      <object_component id="oc-1c0">
         <name>.debug_line</name>
         <load_address>0x401</load_address>
         <run_address>0x401</run_address>
         <size>0x2d</size>
         <input_file_ref idref="fl-2"/>
      </object_component>
      <object_component id="oc-1f3">
         <name>.debug_line</name>
         <load_address>0x42e</load_address>
         <run_address>0x42e</run_address>
         <size>0x2d</size>
         <input_file_ref idref="fl-2"/>
      </object_component>
      <object_component id="oc-1be">
         <name>.debug_line</name>
         <load_address>0x45b</load_address>
         <run_address>0x45b</run_address>
         <size>0x2d</size>
         <input_file_ref idref="fl-2"/>
      </object_component>
      <object_component id="oc-1f5">
         <name>.debug_line</name>
         <load_address>0x488</load_address>
         <run_address>0x488</run_address>
         <size>0x2d</size>
         <input_file_ref idref="fl-2"/>
      </object_component>
      <object_component id="oc-7d">
         <name>.debug_line</name>
         <load_address>0x4b5</load_address>
         <run_address>0x4b5</run_address>
         <size>0x546</size>
         <input_file_ref idref="fl-2"/>
      </object_component>
      <object_component id="oc-19d">
         <name>.debug_line</name>
         <load_address>0x9fb</load_address>
         <run_address>0x9fb</run_address>
         <size>0x66</size>
         <input_file_ref idref="fl-2"/>
      </object_component>
      <object_component id="oc-1a7">
         <name>.debug_line</name>
         <load_address>0xa61</load_address>
         <run_address>0xa61</run_address>
         <size>0x60</size>
         <input_file_ref idref="fl-2"/>
      </object_component>
      <object_component id="oc-1a2">
         <name>.debug_line</name>
         <load_address>0xac1</load_address>
         <run_address>0xac1</run_address>
         <size>0x5d</size>
         <input_file_ref idref="fl-2"/>
      </object_component>
      <object_component id="oc-23c">
         <name>.debug_line</name>
         <load_address>0xb1e</load_address>
         <run_address>0xb1e</run_address>
         <size>0x69</size>
         <input_file_ref idref="fl-2"/>
      </object_component>
      <object_component id="oc-1bb">
         <name>.debug_line</name>
         <load_address>0xb87</load_address>
         <run_address>0xb87</run_address>
         <size>0x71</size>
         <input_file_ref idref="fl-2"/>
      </object_component>
      <object_component id="oc-131">
         <name>.debug_line</name>
         <load_address>0xbf8</load_address>
         <run_address>0xbf8</run_address>
         <size>0x20</size>
         <input_file_ref idref="fl-2"/>
      </object_component>
      <object_component id="oc-136">
         <name>.debug_line</name>
         <load_address>0xc18</load_address>
         <run_address>0xc18</run_address>
         <size>0x71</size>
         <input_file_ref idref="fl-2"/>
      </object_component>
      <object_component id="oc-1ac">
         <name>.debug_line</name>
         <load_address>0xc89</load_address>
         <run_address>0xc89</run_address>
         <size>0x66</size>
         <input_file_ref idref="fl-2"/>
      </object_component>
      <object_component id="oc-1b1">
         <name>.debug_line</name>
         <load_address>0xcef</load_address>
         <run_address>0xcef</run_address>
         <size>0x67</size>
         <input_file_ref idref="fl-2"/>
      </object_component>
      <object_component id="oc-1b6">
         <name>.debug_line</name>
         <load_address>0xd56</load_address>
         <run_address>0xd56</run_address>
         <size>0x2d</size>
         <input_file_ref idref="fl-2"/>
      </object_component>
      <object_component id="oc-212">
         <name>.debug_line</name>
         <load_address>0xd83</load_address>
         <run_address>0xd83</run_address>
         <size>0x67</size>
         <input_file_ref idref="fl-3"/>
      </object_component>
      <object_component id="oc-210">
         <name>.debug_line</name>
         <load_address>0xdea</load_address>
         <run_address>0xdea</run_address>
         <size>0x2f</size>
         <input_file_ref idref="fl-3"/>
      </object_component>
      <object_component id="oc-c8">
         <name>.debug_line</name>
         <load_address>0xe19</load_address>
         <run_address>0xe19</run_address>
         <size>0x14d</size>
         <input_file_ref idref="fl-3"/>
      </object_component>
      <object_component id="oc-8d">
         <name>.debug_line</name>
         <load_address>0xf66</load_address>
         <run_address>0xf66</run_address>
         <size>0x20</size>
         <input_file_ref idref="fl-3"/>
      </object_component>
      <object_component id="oc-16d">
         <name>.debug_line</name>
         <load_address>0xf86</load_address>
         <run_address>0xf86</run_address>
         <size>0x71</size>
         <input_file_ref idref="fl-3"/>
      </object_component>
      <object_component id="oc-139">
         <name>.debug_line</name>
         <load_address>0xff7</load_address>
         <run_address>0xff7</run_address>
         <size>0x40</size>
         <input_file_ref idref="fl-4"/>
      </object_component>
      <object_component id="oc-80">
         <name>.debug_line</name>
         <load_address>0x1037</load_address>
         <run_address>0x1037</run_address>
         <size>0x40</size>
         <input_file_ref idref="fl-4"/>
      </object_component>
      <object_component id="oc-77">
         <name>.debug_line</name>
         <load_address>0x1077</load_address>
         <run_address>0x1077</run_address>
         <size>0xa1</size>
         <input_file_ref idref="fl-4"/>
      </object_component>
      <object_component id="oc-20c">
         <name>.debug_line</name>
         <load_address>0x1118</load_address>
         <run_address>0x1118</run_address>
         <size>0x3b</size>
         <input_file_ref idref="fl-5"/>
      </object_component>
      <object_component id="oc-bb">
         <name>.debug_line</name>
         <load_address>0x1153</load_address>
         <run_address>0x1153</run_address>
         <size>0x157</size>
         <input_file_ref idref="fl-5"/>
      </object_component>
      <object_component id="oc-254">
         <name>.debug_line</name>
         <load_address>0x12aa</load_address>
         <run_address>0x12aa</run_address>
         <size>0x6c</size>
         <input_file_ref idref="fl-6"/>
      </object_component>
      <object_component id="oc-252">
         <name>.debug_line</name>
         <load_address>0x1316</load_address>
         <run_address>0x1316</run_address>
         <size>0x43</size>
         <input_file_ref idref="fl-6"/>
      </object_component>
      <object_component id="oc-122">
         <name>.debug_line</name>
         <load_address>0x1359</load_address>
         <run_address>0x1359</run_address>
         <size>0x668</size>
         <input_file_ref idref="fl-6"/>
      </object_component>
      <object_component id="oc-17d">
         <name>.debug_line</name>
         <load_address>0x19c1</load_address>
         <run_address>0x19c1</run_address>
         <size>0xe4</size>
         <input_file_ref idref="fl-9"/>
      </object_component>
      <object_component id="oc-238">
         <name>.debug_line</name>
         <load_address>0x1aa5</load_address>
         <run_address>0x1aa5</run_address>
         <size>0xb5</size>
         <input_file_ref idref="fl-b"/>
      </object_component>
      <object_component id="oc-234">
         <name>.debug_line</name>
         <load_address>0x1b5a</load_address>
         <run_address>0x1b5a</run_address>
         <size>0x40</size>
         <input_file_ref idref="fl-b"/>
      </object_component>
      <object_component id="oc-fb">
         <name>.debug_line</name>
         <load_address>0x1b9a</load_address>
         <run_address>0x1b9a</run_address>
         <size>0x894</size>
         <input_file_ref idref="fl-b"/>
      </object_component>
      <object_component id="oc-21a">
         <name>.debug_line</name>
         <load_address>0x242e</load_address>
         <run_address>0x242e</run_address>
         <size>0x6c</size>
         <input_file_ref idref="fl-f"/>
      </object_component>
      <object_component id="oc-218">
         <name>.debug_line</name>
         <load_address>0x249a</load_address>
         <run_address>0x249a</run_address>
         <size>0x42</size>
         <input_file_ref idref="fl-f"/>
      </object_component>
      <object_component id="oc-216">
         <name>.debug_line</name>
         <load_address>0x24dc</load_address>
         <run_address>0x24dc</run_address>
         <size>0x42</size>
         <input_file_ref idref="fl-f"/>
      </object_component>
      <object_component id="oc-d4">
         <name>.debug_line</name>
         <load_address>0x251e</load_address>
         <run_address>0x251e</run_address>
         <size>0x2d1</size>
         <input_file_ref idref="fl-f"/>
      </object_component>
      <object_component id="oc-22d">
         <name>.debug_line</name>
         <load_address>0x27ef</load_address>
         <run_address>0x27ef</run_address>
         <size>0x6c</size>
         <input_file_ref idref="fl-10"/>
      </object_component>
      <object_component id="oc-e0">
         <name>.debug_line</name>
         <load_address>0x285b</load_address>
         <run_address>0x285b</run_address>
         <size>0x5d2</size>
         <input_file_ref idref="fl-10"/>
      </object_component>
      <object_component id="oc-22b">
         <name>.debug_line</name>
         <load_address>0x2e2d</load_address>
         <run_address>0x2e2d</run_address>
         <size>0x66</size>
         <input_file_ref idref="fl-11"/>
      </object_component>
      <object_component id="oc-21f">
         <name>.debug_line</name>
         <load_address>0x2e93</load_address>
         <run_address>0x2e93</run_address>
         <size>0x47</size>
         <input_file_ref idref="fl-11"/>
      </object_component>
      <object_component id="oc-221">
         <name>.debug_line</name>
         <load_address>0x2eda</load_address>
         <run_address>0x2eda</run_address>
         <size>0x47</size>
         <input_file_ref idref="fl-11"/>
      </object_component>
      <object_component id="oc-223">
         <name>.debug_line</name>
         <load_address>0x2f21</load_address>
         <run_address>0x2f21</run_address>
         <size>0x47</size>
         <input_file_ref idref="fl-11"/>
      </object_component>
      <object_component id="oc-225">
         <name>.debug_line</name>
         <load_address>0x2f68</load_address>
         <run_address>0x2f68</run_address>
         <size>0x47</size>
         <input_file_ref idref="fl-11"/>
      </object_component>
      <object_component id="oc-227">
         <name>.debug_line</name>
         <load_address>0x2faf</load_address>
         <run_address>0x2faf</run_address>
         <size>0x47</size>
         <input_file_ref idref="fl-11"/>
      </object_component>
      <object_component id="oc-229">
         <name>.debug_line</name>
         <load_address>0x2ff6</load_address>
         <run_address>0x2ff6</run_address>
         <size>0x47</size>
         <input_file_ref idref="fl-11"/>
      </object_component>
      <object_component id="oc-21d">
         <name>.debug_line</name>
         <load_address>0x303d</load_address>
         <run_address>0x303d</run_address>
         <size>0x47</size>
         <input_file_ref idref="fl-11"/>
      </object_component>
      <object_component id="oc-da">
         <name>.debug_line</name>
         <load_address>0x3084</load_address>
         <run_address>0x3084</run_address>
         <size>0x349</size>
         <input_file_ref idref="fl-11"/>
      </object_component>
      <object_component id="oc-250">
         <name>.debug_line</name>
         <load_address>0x33cd</load_address>
         <run_address>0x33cd</run_address>
         <size>0x6c</size>
         <input_file_ref idref="fl-19"/>
      </object_component>
      <object_component id="oc-116">
         <name>.debug_line</name>
         <load_address>0x3439</load_address>
         <run_address>0x3439</run_address>
         <size>0x6b2</size>
         <input_file_ref idref="fl-19"/>
      </object_component>
      <object_component id="oc-258">
         <name>.debug_line</name>
         <load_address>0x3aeb</load_address>
         <run_address>0x3aeb</run_address>
         <size>0x20</size>
         <input_file_ref idref="fl-1a"/>
      </object_component>
      <object_component id="oc-1d1">
         <name>.debug_line</name>
         <load_address>0x3b0b</load_address>
         <run_address>0x3b0b</run_address>
         <size>0x288</size>
         <input_file_ref idref="fl-1a"/>
      </object_component>
      <object_component id="oc-20e">
         <name>.debug_line</name>
         <load_address>0x3d93</load_address>
         <run_address>0x3d93</run_address>
         <size>0x6c</size>
         <input_file_ref idref="fl-1e"/>
      </object_component>
      <object_component id="oc-c2">
         <name>.debug_line</name>
         <load_address>0x3dff</load_address>
         <run_address>0x3dff</run_address>
         <size>0x2f0</size>
         <input_file_ref idref="fl-1e"/>
      </object_component>
      <object_component id="oc-232">
         <name>.debug_line</name>
         <load_address>0x40ef</load_address>
         <run_address>0x40ef</run_address>
         <size>0xa4</size>
         <input_file_ref idref="fl-d9"/>
      </object_component>
      <object_component id="oc-f5">
         <name>.debug_line</name>
         <load_address>0x4193</load_address>
         <run_address>0x4193</run_address>
         <size>0x63</size>
         <input_file_ref idref="fl-d9"/>
      </object_component>
      <object_component id="oc-26">
         <name>.debug_line</name>
         <load_address>0x41f6</load_address>
         <run_address>0x41f6</run_address>
         <size>0x53</size>
         <input_file_ref idref="fl-da"/>
      </object_component>
      <object_component id="oc-89">
         <name>.debug_line</name>
         <load_address>0x4249</load_address>
         <run_address>0x4249</run_address>
         <size>0xa5</size>
         <input_file_ref idref="fl-db"/>
      </object_component>
      <object_component id="oc-15">
         <name>.debug_line</name>
         <load_address>0x42ee</load_address>
         <run_address>0x42ee</run_address>
         <size>0x55</size>
         <input_file_ref idref="fl-db"/>
      </object_component>
      <object_component id="oc-35">
         <name>.debug_line</name>
         <load_address>0x4343</load_address>
         <run_address>0x4343</run_address>
         <size>0x3a</size>
         <input_file_ref idref="fl-db"/>
      </object_component>
      <object_component id="oc-86">
         <name>.debug_line</name>
         <load_address>0x437d</load_address>
         <run_address>0x437d</run_address>
         <size>0xa5</size>
         <input_file_ref idref="fl-db"/>
      </object_component>
      <object_component id="oc-91">
         <name>.debug_line</name>
         <load_address>0x4422</load_address>
         <run_address>0x4422</run_address>
         <size>0xa5</size>
         <input_file_ref idref="fl-dc"/>
      </object_component>
      <object_component id="oc-3a">
         <name>.debug_line</name>
         <load_address>0x44c7</load_address>
         <run_address>0x44c7</run_address>
         <size>0x98</size>
         <input_file_ref idref="fl-dc"/>
      </object_component>
      <object_component id="oc-18">
         <name>.debug_line</name>
         <load_address>0x455f</load_address>
         <run_address>0x455f</run_address>
         <size>0x4b</size>
         <input_file_ref idref="fl-dc"/>
      </object_component>
      <object_component id="oc-43">
         <name>.debug_line</name>
         <load_address>0x45aa</load_address>
         <run_address>0x45aa</run_address>
         <size>0x39</size>
         <input_file_ref idref="fl-dc"/>
      </object_component>
      <object_component id="oc-95">
         <name>.debug_line</name>
         <load_address>0x45e3</load_address>
         <run_address>0x45e3</run_address>
         <size>0xa5</size>
         <input_file_ref idref="fl-dc"/>
      </object_component>
      <object_component id="oc-256">
         <name>.debug_line</name>
         <load_address>0x4688</load_address>
         <run_address>0x4688</run_address>
         <size>0x20</size>
         <input_file_ref idref="fl-de"/>
      </object_component>
      <object_component id="oc-22f">
         <name>.debug_line</name>
         <load_address>0x46a8</load_address>
         <run_address>0x46a8</run_address>
         <size>0x2b</size>
         <input_file_ref idref="fl-de"/>
      </object_component>
      <object_component id="oc-15d">
         <name>.debug_line</name>
         <load_address>0x46d3</load_address>
         <run_address>0x46d3</run_address>
         <size>0x128</size>
         <input_file_ref idref="fl-df"/>
      </object_component>
      <object_component id="oc-151">
         <name>.debug_line</name>
         <load_address>0x47fb</load_address>
         <run_address>0x47fb</run_address>
         <size>0x2a</size>
         <input_file_ref idref="fl-df"/>
      </object_component>
      <object_component id="oc-6b">
         <name>.debug_line</name>
         <load_address>0x4825</load_address>
         <run_address>0x4825</run_address>
         <size>0x86</size>
         <input_file_ref idref="fl-df"/>
      </object_component>
      <object_component id="oc-111">
         <name>.debug_line</name>
         <load_address>0x48ab</load_address>
         <run_address>0x48ab</run_address>
         <size>0x63</size>
         <input_file_ref idref="fl-e0"/>
      </object_component>
      <object_component id="oc-101">
         <name>.debug_line</name>
         <load_address>0x490e</load_address>
         <run_address>0x490e</run_address>
         <size>0x117</size>
         <input_file_ref idref="fl-e1"/>
      </object_component>
      <object_component id="oc-106">
         <name>.debug_line</name>
         <load_address>0x4a25</load_address>
         <run_address>0x4a25</run_address>
         <size>0x57</size>
         <input_file_ref idref="fl-e2"/>
      </object_component>
      <object_component id="oc-30">
         <name>.debug_line</name>
         <load_address>0x4a7c</load_address>
         <run_address>0x4a7c</run_address>
         <size>0x88</size>
         <input_file_ref idref="fl-e3"/>
      </object_component>
      <object_component id="oc-49">
         <name>.debug_line</name>
         <load_address>0x4b04</load_address>
         <run_address>0x4b04</run_address>
         <size>0x79</size>
         <input_file_ref idref="fl-e4"/>
      </object_component>
      <object_component id="oc-55">
         <name>.debug_line</name>
         <load_address>0x4b7d</load_address>
         <run_address>0x4b7d</run_address>
         <size>0x3d</size>
         <input_file_ref idref="fl-e5"/>
      </object_component>
      <object_component id="oc-5b">
         <name>.debug_line</name>
         <load_address>0x4bba</load_address>
         <run_address>0x4bba</run_address>
         <size>0x40</size>
         <input_file_ref idref="fl-e6"/>
      </object_component>
      <object_component id="oc-24e">
         <name>.debug_line</name>
[...]
         <value>0x2bf5</value>
         <object_component_ref idref="oc-112"/>
      </symbol>
      <symbol id="sm-6ab">
         <name>SPI_disableModule</name>
         <value>0x2695</value>
         <object_component_ref idref="oc-112"/>
      </symbol>
      <symbol id="sm-6ac">
         <name>EUSCI_B_SPI_getReceiveBufferAddressForDMA</name>
         <value>0x2adf</value>
         <object_component_ref idref="oc-112"/>
      </symbol>
      <symbol id="sm-6ad">
         <name>SPI_changeMasterClock</name>
         <value>0x2561</value>
         <object_component_ref idref="oc-112"/>
      </symbol>
      <symbol id="sm-6ae">
         <name>EUSCI_B_SPI_disableInterrupt</name>
         <value>0x2a67</value>
         <object_component_ref idref="oc-112"/>
      </symbol>
      <symbol id="sm-6af">
         <name>EUSCI_B_SPI_disable</name>
         <value>0x2ac9</value>
         <object_component_ref idref="oc-112"/>
      </symbol>
      <symbol id="sm-6b0">
         <name>SPI_selectFourPinFunctionality</name>
         <value>0x253b</value>
         <object_component_ref idref="oc-112"/>
      </symbol>
      <symbol id="sm-6b1">
         <name>SPI_clearInterruptFlag</name>
         <value>0x27b9</value>
         <object_component_ref idref="oc-112"/>
      </symbol>
      <symbol id="sm-6b2">
         <name>SPI_registerInterrupt</name>
         <value>0x27df</value>
         <object_component_ref idref="oc-112"/>
      </symbol>
      <symbol id="sm-6b3">
         <name>EUSCI_B_SPI_changeClockPhasePolarity</name>
         <value>0x29e5</value>
         <object_component_ref idref="oc-112"/>
      </symbol>
      <symbol id="sm-6b4">
         <name>EUSCI_B_SPI_transmitData</name>
         <value>0x2a27</value>
         <object_component_ref idref="oc-112"/>
      </symbol>
      <symbol id="sm-6b5">
         <name>SPI_isBusy</name>
         <value>0x26f9</value>
         <object_component_ref idref="oc-112"/>
      </symbol>
      <symbol id="sm-6b6">
         <name>EUSCI_B_SPI_clearInterruptFlag</name>
         <value>0x2a99</value>
         <object_component_ref idref="oc-112"/>
      </symbol>
      <symbol id="sm-6b7">
         <name>EUSCI_A_SPI_clearInterruptFlag</name>
         <value>0x2c67</value>
         <object_component_ref idref="oc-112"/>
      </symbol>
      <symbol id="sm-6b8">
         <name>SPI_transmitData</name>
         <value>0x2637</value>
         <object_component_ref idref="oc-112"/>
      </symbol>
      <symbol id="sm-6b9">
         <name>SPI_getReceiveBufferAddressForDMA</name>
         <value>0x26b1</value>
         <object_component_ref idref="oc-112"/>
      </symbol>
      <symbol id="sm-6ba">
         <name>SPI_getTransmitBufferAddressForDMA</name>
         <value>0x26cd</value>
         <object_component_ref idref="oc-112"/>
      </symbol>
      <symbol id="sm-6bb">
         <name>EUSCI_A_SPI_enable</name>
         <value>0x2c81</value>
         <object_component_ref idref="oc-112"/>
      </symbol>
      <symbol id="sm-6bc">
         <name>EUSCI_B_SPI_enableInterrupt</name>
         <value>0x2a4d</value>
         <object_component_ref idref="oc-112"/>
      </symbol>
      <symbol id="sm-6bd">
         <name>SPI_receiveData</name>
         <value>0x265d</value>
         <object_component_ref idref="oc-112"/>
      </symbol>
      <symbol id="sm-6be">
         <name>EUSCI_A_SPI_getReceiveBufferAddressForDMA</name>
         <value>0x2cad</value>
         <object_component_ref idref="oc-112"/>
      </symbol>
      <symbol id="sm-6bf">
         <name>SPI_getInterruptStatus</name>
         <value>0x2761</value>
         <object_component_ref idref="oc-112"/>
      </symbol>
      <symbol id="sm-6c0">
         <name>EUSCI_A_SPI_slaveInit</name>
         <value>0x2b69</value>
         <object_component_ref idref="oc-112"/>
      </symbol>
      <symbol id="sm-6c1">
         <name>EUSCI_B_SPI_slaveInit</name>
         <value>0x299b</value>
         <object_component_ref idref="oc-112"/>
      </symbol>
      <symbol id="sm-6c2">
         <name>SPI_initMaster</name>
         <value>0x2475</value>
         <object_component_ref idref="oc-112"/>
      </symbol>
      <symbol id="sm-6c3">
         <name>SPI_getEnabledInterruptStatus</name>
         <value>0x2789</value>
         <object_component_ref idref="oc-112"/>
      </symbol>
      <symbol id="sm-6c4">
         <name>EUSCI_B_SPI_getTransmitBufferAddressForDMA</name>
         <value>0x2aed</value>
         <object_component_ref idref="oc-112"/>
      </symbol>
      <symbol id="sm-6c5">
         <name>EUSCI_A_SPI_disableInterrupt</name>
         <value>0x2c35</value>
         <object_component_ref idref="oc-112"/>
      </symbol>
      <symbol id="sm-6c6">
         <name>SPI_unregisterInterrupt</name>
         <value>0x289d</value>
         <object_component_ref idref="oc-112"/>
      </symbol>
      <symbol id="sm-6c7">
         <name>EUSCI_A_SPI_masterChangeClock</name>
         <value>0x2b33</value>
         <object_component_ref idref="oc-112"/>
      </symbol>
      <symbol id="sm-6c8">
         <name>EUSCI_A_SPI_isBusy</name>
         <value>0x2cc9</value>
         <object_component_ref idref="oc-112"/>
      </symbol>
      <symbol id="sm-6c9">
         <name>SPI_enableInterrupt</name>
         <value>0x2715</value>
         <object_component_ref idref="oc-112"/>
      </symbol>
      <symbol id="sm-6ca">
         <name>SPI_disableInterrupt</name>
         <value>0x273b</value>
         <object_component_ref idref="oc-112"/>
      </symbol>
      <symbol id="sm-70d">
         <name>SysCtl_disableSRAMBankRetention</name>
         <value>0x47f9</value>
         <object_component_ref idref="oc-1cd"/>
      </symbol>
      <symbol id="sm-70e">
         <name>SysCtl_getTempCalibrationConstant</name>
         <value>0x48a7</value>
         <object_component_ref idref="oc-1cd"/>
      </symbol>
      <symbol id="sm-70f">
         <name>SysCtl_enablePeripheralAtCPUHalt</name>
         <value>0x481f</value>
         <object_component_ref idref="oc-1cd"/>
      </symbol>
      <symbol id="sm-710">
         <name>SysCtl_getSRAMSize</name>
         <value>0x471f</value>
         <object_component_ref idref="oc-1cd"/>
      </symbol>
      <symbol id="sm-711">
         <name>SysCtl_enableSRAMBank</name>
         <value>0x4759</value>
         <object_component_ref idref="oc-1cd"/>
      </symbol>
      <symbol id="sm-712">
         <name>SysCtl_disablePeripheralAtCPUHalt</name>
         <value>0x4833</value>
         <object_component_ref idref="oc-1cd"/>
      </symbol>
      <symbol id="sm-713">
         <name>SysCtl_setWDTTimeoutResetType</name>
         <value>0x4847</value>
         <object_component_ref idref="oc-1cd"/>
      </symbol>
      <symbol id="sm-714">
         <name>SysCtl_getNMISourceStatus</name>
         <value>0x4753</value>
         <object_component_ref idref="oc-1cd"/>
      </symbol>
      <symbol id="sm-715">
         <name>SysCtl_enableNMISource</name>
         <value>0x473f</value>
         <object_component_ref idref="oc-1cd"/>
      </symbol>
      <symbol id="sm-716">
         <name>SysCtl_disableSRAMBank</name>
         <value>0x4775</value>
         <object_component_ref idref="oc-1cd"/>
      </symbol>
      <symbol id="sm-717">
         <name>SysCtl_disableGlitchFilter</name>
         <value>0x489b</value>
         <object_component_ref idref="oc-1cd"/>
      </symbol>
      <symbol id="sm-718">
         <name>SysCtl_disableNMISource</name>
         <value>0x472b</value>
         <object_component_ref idref="oc-1cd"/>
      </symbol>
      <symbol id="sm-719">
         <name>SysCtl_setWDTPasswordViolationResetType</name>
         <value>0x486b</value>
         <object_component_ref idref="oc-1cd"/>
      </symbol>
      <symbol id="sm-71a">
         <name>SysCtl_rebootDevice</name>
         <value>0x4815</value>
         <object_component_ref idref="oc-1cd"/>
      </symbol>
      <symbol id="sm-71b">
         <name>SysCtl_getFlashSize</name>
         <value>0x4725</value>
         <object_component_ref idref="oc-1cd"/>
      </symbol>
      <symbol id="sm-71c">
         <name>SysCtl_getTLVInfo</name>
         <value>0x46a9</value>
         <object_component_ref idref="oc-1cd"/>
      </symbol>
      <symbol id="sm-71d">
         <name>SysCtl_enableGlitchFilter</name>
         <value>0x488f</value>
         <object_component_ref idref="oc-1cd"/>
      </symbol>
      <symbol id="sm-71e">
         <name>SysCtl_enableSRAMBankRetention</name>
         <value>0x47dd</value>
         <object_component_ref idref="oc-1cd"/>
      </symbol>
      <symbol id="sm-773">
         <name>UART_unregisterInterrupt</name>
         <value>0x3cc1</value>
         <object_component_ref idref="oc-be"/>
      </symbol>
      <symbol id="sm-774">
         <name>UART_enableInterrupt</name>
         <value>0x3b4d</value>
         <object_component_ref idref="oc-be"/>
      </symbol>
      <symbol id="sm-775">
         <name>UART_receiveData</name>
         <value>0x3a23</value>
         <object_component_ref idref="oc-be"/>
      </symbol>
      <symbol id="sm-776">
         <name>UART_enableModule</name>
         <value>0x3a49</value>
         <object_component_ref idref="oc-be"/>
      </symbol>
      <symbol id="sm-777">
         <name>UART_disableModule</name>
         <value>0x3a5f</value>
         <object_component_ref idref="oc-be"/>
      </symbol>
      <symbol id="sm-778">
         <name>UART_getEnabledInterruptStatus</name>
         <value>0x3bc9</value>
         <object_component_ref idref="oc-be"/>
      </symbol>
      <symbol id="sm-779">
         <name>UART_transmitData</name>
         <value>0x39f9</value>
         <object_component_ref idref="oc-be"/>
      </symbol>
      <symbol id="sm-77a">
         <name>UART_transmitBreak</name>
         <value>0x3acf</value>
         <object_component_ref idref="oc-be"/>
      </symbol>
      <symbol id="sm-77b">
         <name>UART_registerInterrupt</name>
         <value>0x3c45</value>
         <object_component_ref idref="oc-be"/>
      </symbol>
      <symbol id="sm-77c">
         <name>UART_selectDeglitchTime</name>
         <value>0x3b31</value>
         <object_component_ref idref="oc-be"/>
      </symbol>
      <symbol id="sm-77d">
         <name>UART_getInterruptStatus</name>
         <value>0x3bad</value>
         <object_component_ref idref="oc-be"/>
      </symbol>
      <symbol id="sm-77e">
         <name>UART_getReceiveBufferAddressForDMA</name>
         <value>0x3b15</value>
         <object_component_ref idref="oc-be"/>
      </symbol>
      <symbol id="sm-77f">
         <name>UART_getTransmitBufferAddressForDMA</name>
         <value>0x3b23</value>
         <object_component_ref idref="oc-be"/>
      </symbol>
      <symbol id="sm-780">
         <name>UART_initModule</name>
         <value>0x3911</value>
         <object_component_ref idref="oc-be"/>
      </symbol>
      <symbol id="sm-781">
         <name>UART_transmitAddress</name>
         <value>0x3ab1</value>
         <object_component_ref idref="oc-be"/>
      </symbol>
      <symbol id="sm-782">
         <name>UART_clearInterruptFlag</name>
         <value>0x3c25</value>
         <object_component_ref idref="oc-be"/>
      </symbol>
      <symbol id="sm-783">
         <name>UART_queryStatusFlags</name>
         <value>0x3a75</value>
         <object_component_ref idref="oc-be"/>
      </symbol>
      <symbol id="sm-784">
         <name>UART_disableInterrupt</name>
         <value>0x3b7d</value>
         <object_component_ref idref="oc-be"/>
      </symbol>
      <symbol id="sm-785">
         <name>UART_setDormant</name>
         <value>0x3a89</value>
         <object_component_ref idref="oc-be"/>
      </symbol>
      <symbol id="sm-786">
         <name>UART_resetDormant</name>
         <value>0x3a9d</value>
         <object_component_ref idref="oc-be"/>
      </symbol>
      <symbol id="sm-79d">
         <name>atoi</name>
         <value>0x527d</value>
         <object_component_ref idref="oc-f1"/>
      </symbol>
      <symbol id="sm-7ae">
         <name>_c_int00</name>
         <value>0x51d5</value>
         <object_component_ref idref="oc-22"/>
      </symbol>
      <symbol id="sm-7af">
         <name>__stack</name>
         <value>0x2000fc00</value>
         <object_component_ref idref="oc-2b"/>
      </symbol>
      <symbol id="sm-7c6">
         <name>__TI_decompress_none</name>
         <value>0x53e7</value>
         <object_component_ref idref="oc-10"/>
      </symbol>
      <symbol id="sm-7ee">
         <name>__TI_decompress_rle24</name>
         <value>0x53f5</value>
         <object_component_ref idref="oc-16"/>
      </symbol>
      <symbol id="sm-7fa">
         <name>_ctypes_</name>
         <value>0x55d0</value>
         <object_component_ref idref="oc-1c5"/>
      </symbol>
      <symbol id="sm-81b">
         <name>C$$EXIT</name>
         <value>0x5229</value>
         <object_component_ref idref="oc-69"/>
      </symbol>
      <symbol id="sm-81c">
         <name>abort</name>
         <value>0x522d</value>
         <object_component_ref idref="oc-69"/>
      </symbol>
      <symbol id="sm-81d">
         <name>exit</name>
         <value>0x5235</value>
         <object_component_ref idref="oc-69"/>
      </symbol>
      <symbol id="sm-81e">
         <name>__TI_dtors_ptr</name>
         <value>0x20000210</value>
         <object_component_ref idref="oc-ac"/>
      </symbol>
      <symbol id="sm-81f">
         <name>__TI_cleanup_ptr</name>
         <value>0x2000020c</value>
         <object_component_ref idref="oc-ac"/>
      </symbol>
      <symbol id="sm-820">
         <name>__TI_enable_exit_profile_output</name>
         <value>0x20000214</value>
         <object_component_ref idref="oc-ac"/>
      </symbol>
      <symbol id="sm-82a">
         <name>__aeabi_d2ulz</name>
         <value>0x5177</value>
         <object_component_ref idref="oc-10d"/>
      </symbol>
      <symbol id="sm-849">
         <name>__aeabi_ldivmod</name>
         <value>0x48ed</value>
         <object_component_ref idref="oc-fd"/>
      </symbol>
      <symbol id="sm-853">
         <name>__aeabi_l2d</name>
         <value>0x5315</value>
         <object_component_ref idref="oc-102"/>
      </symbol>
      <symbol id="sm-86e">
         <name>memcpy</name>
         <value>0x4e79</value>
         <object_component_ref idref="oc-2c"/>
      </symbol>
      <symbol id="sm-86f">
         <name>__aeabi_memcpy</name>
         <value>0x4e79</value>
         <object_component_ref idref="oc-2c"/>
      </symbol>
      <symbol id="sm-870">
         <name>__aeabi_memcpy8</name>
         <value>0x4e79</value>
         <object_component_ref idref="oc-2c"/>
      </symbol>
      <symbol id="sm-871">
         <name>__aeabi_memcpy4</name>
         <value>0x4e79</value>
         <object_component_ref idref="oc-2c"/>
      </symbol>
      <symbol id="sm-880">
         <name>__aeabi_memset</name>
         <value>0x5023</value>
         <object_component_ref idref="oc-45"/>
      </symbol>
      <symbol id="sm-881">
         <name>memset</name>
         <value>0x5029</value>
         <object_component_ref idref="oc-45"/>
      </symbol>
      <symbol id="sm-882">
         <name>__aeabi_memset8</name>
         <value>0x5023</value>
         <object_component_ref idref="oc-45"/>
      </symbol>
      <symbol id="sm-883">
         <name>__aeabi_memset4</name>
         <value>0x5023</value>
         <object_component_ref idref="oc-45"/>
      </symbol>
      <symbol id="sm-884">
         <name>__aeabi_memclr8</name>
         <value>0x5021</value>
         <object_component_ref idref="oc-45"/>
      </symbol>
      <symbol id="sm-885">
         <name>__aeabi_memclr4</name>
         <value>0x5021</value>
         <object_component_ref idref="oc-45"/>
      </symbol>
      <symbol id="sm-886">
         <name>__aeabi_memclr</name>
         <value>0x5021</value>
         <object_component_ref idref="oc-45"/>
      </symbol>
      <symbol id="sm-890">
         <name>__mpu_init</name>
         <value>0x51d3</value>
         <object_component_ref idref="oc-51"/>
      </symbol>
      <symbol id="sm-89a">
         <name>_system_pre_init</name>
         <value>0x53fb</value>
         <object_component_ref idref="oc-57"/>
      </symbol>
      <symbol id="sm-8b2">
         <name>roundl</name>
         <value>0x4db9</value>
         <object_component_ref idref="oc-107"/>
      </symbol>
      <symbol id="sm-8b3">
         <name>round</name>
         <value>0x4db9</value>
         <object_component_ref idref="oc-107"/>
      </symbol>
      <symbol id="sm-8bb">
         <name>main_func_sp</name>
         <value>0x20000228</value>
         <object_component_ref idref="oc-6f"/>
      </symbol>
      <symbol id="sm-8c9">
         <name>strlen</name>
         <value>0x53c1</value>
         <object_component_ref idref="oc-ca"/>
      </symbol>
      <symbol id="sm-8e2">
         <name>_nop</name>
         <value>0x53bb</value>
         <object_component_ref idref="oc-152"/>
      </symbol>
      <symbol id="sm-8e3">
         <name>_lock</name>
         <value>0x20000218</value>
         <object_component_ref idref="oc-af"/>
      </symbol>
      <symbol id="sm-8e4">
         <name>_unlock</name>
         <value>0x2000021c</value>
         <object_component_ref idref="oc-af"/>
      </symbol>
      <symbol id="sm-8e5">
         <name>_register_lock</name>
         <value>0x53b3</value>
         <object_component_ref idref="oc-152"/>
      </symbol>
      <symbol id="sm-8e6">
         <name>_register_unlock</name>
         <value>0x53ad</value>
         <object_component_ref idref="oc-152"/>
      </symbol>
      <symbol id="sm-8fa">
         <name>_args_main</name>
         <value>0x5395</value>
         <object_component_ref idref="oc-63"/>
      </symbol>
      <symbol id="sm-91f">
         <name>__TI_auto_init</name>
         <value>0x509d</value>
         <object_component_ref idref="oc-5d"/>
      </symbol>
      <symbol id="sm-939">
         <name>copy_in</name>
         <value>0x52c9</value>
         <object_component_ref idref="oc-9c"/>
      </symbol>
      <symbol id="sm-950">
         <name>__aeabi_dsub</name>
         <value>0x4b0b</value>
         <object_component_ref idref="oc-1dd"/>
      </symbol>
      <symbol id="sm-951">
         <name>__aeabi_dadd</name>
         <value>0x4b15</value>
         <object_component_ref idref="oc-1dd"/>
      </symbol>
      <symbol id="sm-973">
         <name>__aeabi_cdcmpeq</name>
         <value>0x4f15</value>
         <object_component_ref idref="oc-1e8"/>
      </symbol>
      <symbol id="sm-974">
         <name>__aeabi_cdcmple</name>
         <value>0x4f15</value>
         <object_component_ref idref="oc-1e8"/>
      </symbol>
      <symbol id="sm-975">
         <name>__aeabi_cdrcmple</name>
         <value>0x4f9b</value>
         <object_component_ref idref="oc-240"/>
      </symbol>
      <symbol id="sm-97f">
         <name>__aeabi_ldiv0</name>
         <value>0x509b</value>
         <object_component_ref idref="oc-1d5"/>
      </symbol>
      <symbol id="sm-9a1">
         <name>floorl</name>
         <value>0x4cc1</value>
         <object_component_ref idref="oc-1e2"/>
      </symbol>
      <symbol id="sm-9a2">
         <name>floor</name>
         <value>0x4cc1</value>
         <object_component_ref idref="oc-1e2"/>
      </symbol>
      <symbol id="sm-9ac">
         <name>_system_post_cinit</name>
         <value>0x5393</value>
         <object_component_ref idref="oc-a2"/>
      </symbol>
      <symbol id="sm-9ad">
         <name>__TI_static_base__</name>
         <value>0x0</value>
      </symbol>
      <symbol id="sm-9b0">
         <name>SHT$$INIT_ARRAY$$Limit</name>
         <value>0x0</value>
      </symbol>
      <symbol id="sm-9b1">
         <name>SHT$$INIT_ARRAY$$Base</name>
         <value>0x0</value>
      </symbol>
   </symbol_table>
   <title>Link successful</title>
</link_info>
